Archive member included       because of file (symbol)

/usr/local/openravenscar/lib/gcc-lib/sparc-ork-elf/2.8.1/adalib/libgnarl.a(a-reatim.o)
                              ./devicesfss_v1.o (ada__real_time__clock)
/usr/local/openravenscar/lib/gcc-lib/sparc-ork-elf/2.8.1/adalib/libgnarl.a(a-retide.o)
                              ./control_visualizacion_aeronave.o (ada__real_time__delays__delay_until)
/usr/local/openravenscar/lib/gcc-lib/sparc-ork-elf/2.8.1/adalib/libgnarl.a(s-taprob.o)
                              ./datos_posalt_vel.o (system__tasking__protected_objects__initialize_protection)
/usr/local/openravenscar/lib/gcc-lib/sparc-ork-elf/2.8.1/adalib/libgnarl.a(s-taprop.o)
                              /usr/local/openravenscar/lib/gcc-lib/sparc-ork-elf/2.8.1/adalib/libgnarl.a(a-retide.o) (system__task_primitives__operations__self)
/usr/local/openravenscar/lib/gcc-lib/sparc-ork-elf/2.8.1/adalib/libgnarl.a(s-tarest.o)
                              ./control_visualizacion_aeronave.o (system__tasking__restricted__stages__create_restricted_task)
/usr/local/openravenscar/lib/gcc-lib/sparc-ork-elf/2.8.1/adalib/libgnarl.a(s-tasdeb.o)
                              b~main.o (system__tasking__debug___elabs)
/usr/local/openravenscar/lib/gcc-lib/sparc-ork-elf/2.8.1/adalib/libgnarl.a(s-taskin.o)
                              /usr/local/openravenscar/lib/gcc-lib/sparc-ork-elf/2.8.1/adalib/libgnarl.a(s-tasdeb.o) (system__tasking__task_statesT)
/usr/local/openravenscar/lib/gcc-lib/sparc-ork-elf/2.8.1/adalib/libgnarl.a(s-taspri.o)
                              /usr/local/openravenscar/lib/gcc-lib/sparc-ork-elf/2.8.1/adalib/libgnarl.a(s-taskin.o) (system__task_primitives___init_proc)
/usr/local/openravenscar/lib/gcc-lib/sparc-ork-elf/2.8.1/adalib/libgnarl.a(kernel-interrupts.o)
                              b~main.o (kernel__interrupts___elabb)
/usr/local/openravenscar/lib/gcc-lib/sparc-ork-elf/2.8.1/adalib/libgnarl.a(kernel-threads.o)
                              b~main.o (kernel__threads___elabs)
/usr/local/openravenscar/lib/gcc-lib/sparc-ork-elf/2.8.1/adalib/libgnarl.a(kernel-threads-atcb.o)
                              /usr/local/openravenscar/lib/gcc-lib/sparc-ork-elf/2.8.1/adalib/libgnarl.a(s-taprop.o) (kernel__threads__atcb__set_atcb)
/usr/local/openravenscar/lib/gcc-lib/sparc-ork-elf/2.8.1/adalib/libgnarl.a(kernel-threads-queues.o)
                              /usr/local/openravenscar/lib/gcc-lib/sparc-ork-elf/2.8.1/adalib/libgnarl.a(s-taprop.o) (running_thread)
/usr/local/openravenscar/lib/gcc-lib/sparc-ork-elf/2.8.1/adalib/libgnarl.a(kernel-threads-protection.o)
                              /usr/local/openravenscar/lib/gcc-lib/sparc-ork-elf/2.8.1/adalib/libgnarl.a(kernel-threads.o) (kernel__threads__protection__dispatch)
/usr/local/openravenscar/lib/gcc-lib/sparc-ork-elf/2.8.1/adalib/libgnarl.a(kernel-time.o)
                              /usr/local/openravenscar/lib/gcc-lib/sparc-ork-elf/2.8.1/adalib/libgnarl.a(s-taprop.o) (kernel_clock)
/usr/local/openravenscar/lib/gcc-lib/sparc-ork-elf/2.8.1/adalib/libgnarl.a(kernel-memory.o)
                              /usr/local/openravenscar/sparc-ork-elf/lib/ada_crt0.o (environment_stack)
/usr/local/openravenscar/lib/gcc-lib/sparc-ork-elf/2.8.1/adalib/libgnarl.a(kernel-cpu_primitives.o)
                              /usr/local/openravenscar/lib/gcc-lib/sparc-ork-elf/2.8.1/adalib/libgnarl.a(kernel-threads-protection.o) (kernel__cpu_primitives__context_switch)
/usr/local/openravenscar/lib/gcc-lib/sparc-ork-elf/2.8.1/adalib/libgnarl.a(kernel-peripherals-registers.o)
                              b~main.o (kernel__peripherals__registers___elabs)
/usr/local/openravenscar/lib/gcc-lib/sparc-ork-elf/2.8.1/adalib/libgnarl.a(kernel-peripherals.o)
                              /usr/local/openravenscar/lib/gcc-lib/sparc-ork-elf/2.8.1/adalib/libgnarl.a(kernel-interrupts.o) (kernel__peripherals__to_vector)
/usr/local/openravenscar/lib/gcc-lib/sparc-ork-elf/2.8.1/adalib/libgnarl.a(kernel-serial_output.o)
                              ./devicesfss_v1.o (kernel__serial_output__put__2)
/usr/local/openravenscar/lib/gcc-lib/sparc-ork-elf/2.8.1/adalib/libgnarl.a(context.o)
                              /usr/local/openravenscar/sparc-ork-elf/lib/ada_crt0.o (context_trap)
/usr/local/openravenscar/lib/gcc-lib/sparc-ork-elf/2.8.1/adalib/libgnarl.a(install_handler.o)
                              /usr/local/openravenscar/sparc-ork-elf/lib/ada_crt0.o (FP_Save_Pending)
/usr/local/openravenscar/lib/gcc-lib/sparc-ork-elf/2.8.1/adalib/libgnarl.a(int_level.o)
                              /usr/local/openravenscar/lib/gcc-lib/sparc-ork-elf/2.8.1/adalib/libgnarl.a(kernel-threads-protection.o) (disable_interrupts)
/usr/local/openravenscar/lib/gcc-lib/sparc-ork-elf/2.8.1/adalib/libgnat.a(a-except.o)
                              b~main.o (ada__exceptions___elabs)
/usr/local/openravenscar/lib/gcc-lib/sparc-ork-elf/2.8.1/adalib/libgnat.a(a-filico.o)
[...]
Memory Configuration

Name             Origin             Length             Attributes
rom              0x00000000         0x00200000         xr
ram              0x02000000         0x003f8000         xrw
*default*        0x00000000         0xffffffff

Linker script and memory map

                0x00200000                PROM_SIZE=0x200000
                0x00400000                RAM_SIZE=0x400000
                0x00000000                PROM_START=0x0
                0x00200000                PROM_END=(PROM_START+PROM_SIZE)
                0x02000000                RAM_START=0x2000000
                0x02400000                RAM_END=(RAM_START+RAM_SIZE)

.text           0x02000000    0x3b710
 CREATE_OBJECT_SYMBOLS
                0x02000000                text_start=.
 *(.text)
 .text          0x02000000     0x1384 /usr/local/openravenscar/sparc-ork-elf/lib/ada_crt0.o
                0x020011bc                __exit
                0x02000000                trap_table
                0x02000000                start
                0x020011bc                _exit
 .text          0x02001384      0x2d4 b~main.o
                0x02001640                ada_main___elabb
                0x02001384                adainit
                0x020015c0                main
                0x020015a4                adafinal
 .text          0x02001658       0x1c ./main.o
                0x02001658                _ada_main
 .text          0x02001674      0x118 ./scenario_v1.o
                0x02001674                scenario_v1___elabs
 .text          0x0200178c     0x10e8 ./datos_posalt_vel.o
                0x02002100                datos_posalt_vel__datos_vueloPT__actualizar_altitudP
                0x02001e18                datos_posalt_vel__datos_vueloPT__actualizar_pitchP
                0x0200178c                datos_posalt_vel___init_proc
                0x020017e0                datos_posalt_vel___elabs
                0x0200192c                datos_posalt_vel__datos_vueloPT__leer_pitchN
                0x02001ae0                datos_posalt_vel__datos_vueloPT__actualizar_velocidadN
                0x02002584                datos_posalt_vel__datos_vueloPT__leer_altitudP
                0x02001894                datos_posalt_vel__datos_vueloPT__leer_altitudN
                0x02001f8c                datos_posalt_vel__datos_vueloPT__actualizar_velocidadP
                0x02001b64                datos_posalt_vel__datos_vueloPT__actualizar_pitchN
                0x02001ca4                datos_posalt_vel__datos_vueloPT__actualizar_rollP
                0x0200270c                datos_posalt_vel__datos_vueloPT__leer_velocidadP
                0x02002274                datos_posalt_vel__datos_vueloPT__leer_rollP
                0x02001a5c                datos_posalt_vel__datos_vueloPT__actualizar_altitudN
                0x020023fc                datos_posalt_vel__datos_vueloPT__leer_pitchP
                0x020019c4                datos_posalt_vel__datos_vueloPT__leer_rollN
                0x0200285c                datos_posalt_vel___elabb
                0x02001be8                datos_posalt_vel__datos_vueloPT__actualizar_rollN
                0x020017fc                datos_posalt_vel__datos_vueloPT__leer_velocidadN
 .text          0x02002874     0x2514 ./datos_aeronave.o
                0x02002874                datos_aeronave___init_proc
                0x02003e80                datos_aeronave__aeronavePT__actualizar_potenciaP
                0x02002a98                datos_aeronave__aeronavePT__leer_velocidadN
                0x02002b6c                datos_aeronave__aeronavePT__leer_pitchN
                0x02003350                datos_aeronave__aeronavePT__actualizar_light_intensityN
                0x02003410                datos_aeronave__aeronavePT__actualizar_pilotpresenceN
                0x020035c8                datos_aeronave__aeronavePT__actualizar_distanceP
                0x020034d0                datos_aeronave__aeronavePT__actualizar_distanceN
                0x02003110                datos_aeronave__aeronavePT__actualizar_velocidadN
                0x02004478                datos_aeronave__aeronavePT__leer_light_intensityP
                0x020031d0                datos_aeronave__aeronavePT__actualizar_pitchN
                0x02002de8                datos_aeronave__aeronavePT__leer_pilotpresenceN
                0x02004600                datos_aeronave__aeronavePT__leer_rollP
                0x02004168                datos_aeronave__aeronavePT__leer_distanceP
                0x020038b0                datos_aeronave__aeronavePT__actualizar_light_intensityP
                0x02003d0c                datos_aeronave__aeronavePT__actualizar_velocidadP
                0x020028d4                datos_aeronave___elabs
                0x02003050                datos_aeronave__aeronavePT__actualizar_potenciaN
                0x02004a98                datos_aeronave__aeronavePT__leer_potenciaP
                0x02002d14                datos_aeronave__aeronavePT__leer_light_intensityN
                0x02003b98                datos_aeronave__aeronavePT__actualizar_pitchP
                0x0200373c                datos_aeronave__aeronavePT__actualizar_pilotpresenceP
                0x020042f0                datos_aeronave__aeronavePT__leer_pilotpresenceP
                0x02004910                datos_aeronave__aeronavePT__leer_velocidadP
                0x02003a24                datos_aeronave__aeronavePT__actualizar_rollP
                0x02002f90                datos_aeronave__aeronavePT__actualizar_altitudN
                0x02004d70                datos_aeronave___elabb
                0x02003ff4                datos_aeronave__aeronavePT__actualizar_altitudP
                0x02002ebc                datos_aeronave__aeronavePT__leer_distanceN
                0x02004788                datos_aeronave__aeronavePT__leer_pitchP
                0x020029c4                datos_aeronave__aeronavePT__leer_potenciaN
                0x020028f0                datos_aeronave__aeronavePT__leer_altitudN
                0x02004c20                datos_aeronave__aeronavePT__leer_altitudP
                0x02002c40                datos_aeronave__aeronavePT__leer_rollN
                0x02003290                datos_aeronave__aeronavePT__actualizar_rollN
 .text          0x02004d88     0x4aa8 ./devicesfss_v1.o
                0x02006a4c                devicesfss_v1___init_proc__6
                0x02007e30                devicesfss_v1___init_proc__9
                0x020053bc                devicesfss_v1__read_light_intensity
                0x02008c70                devicesfss_v1__display_altitude
                0x02006aa0                devicesfss_v1__read_pilotbutton
                0x02009408                devicesfss_v1__display_cronometro
                0x02005ed8                devicesfss_v1___init_proc__4
                0x02009044                devicesfss_v1__display_joystick
                0x02008860                devicesfss_v1__light_1
                0x020076d0                devicesfss_v1__read_altitude
                0x02008d88                devicesfss_v1__display_distance
                0x02007e70                devicesfss_v1__read_pitch
                0x02005930                devicesfss_v1___init_proc__3
                0x02007688                devicesfss_v1___init_proc__8
                0x020092f8                devicesfss_v1__display_message
                0x02004de8                devicesfss_v1__read_distance
                0x02008f2c                devicesfss_v1__display_light_intensity
                0x02008fb8                devicesfss_v1__display_pilot_power
                0x02005f38                devicesfss_v1__read_power
                0x0200702c                devicesfss_v1__read_speed
                0x02008ea0                devicesfss_v1__display_roll
                0x02009210                devicesfss_v1__display_pilot_button
                0x02008468                devicesfss_v1__read_roll
                0x02009778                devicesfss_v1___elabb
                0x02006fec                devicesfss_v1___init_proc__7
                0x0200535c                devicesfss_v1___init_proc__2
                0x02008910                devicesfss_v1__light_2
                0x02006500                devicesfss_v1__read_pilotpresence
                0x02007e98                devicesfss_v1__set_aircraft_pitch
                0x02008cfc                devicesfss_v1__display_speed
                0x02008490                devicesfss_v1__set_aircraft_roll
                0x02005990                devicesfss_v1__read_joystick
                0x020089f0                devicesfss_v1__alarm
                0x02009128                devicesfss_v1__display_pilot_presence
                0x02007054                devicesfss_v1__set_speed
                0x02008e14                devicesfss_v1__display_pitch
                0x020064ac                devicesfss_v1___init_proc__5
                0x02008428                devicesfss_v1___init_proc__10
                0x02004d88                devicesfss_v1___init_proc
 .text          0x02009830      0x9a8 ./workload.o
                0x02009830                workload___elabs
                0x02009c30                workload__small_whetstone
                0x0200a1c0                workload___elabb
 .text          0x0200a1d8      0xd08 ./tools.o
                0x0200aeb0                tools___elabb
                0x0200ae3c                tools__execution_time
                0x0200ad94                tools__finish_activity
                0x0200ac44                tools__print_a_string
                0x0200a4c4                tools__print_chrono
                0x0200acec                tools__start_activity
                0x0200a1d8                tools___elabs
                0x0200a8ec                tools__print_an_integer
                0x0200aaa4                tools__print_a_float
                0x0200a224                tools__current_time
 .text          0x0200aee0      0x6b0 ./control_visualizacion_aeronave.o
                0x0200af5c                control_visualizacion_aeronave___elabs
                0x0200b058                control_visualizacion_aeronave__visualizar_datosTKB
                0x0200b55c                control_visualizacion_aeronave___elabb
                0x0200aee0                control_visualizacion_aeronave___init_proc
 .text          0x0200b590     0x1204 ./control_detector_obstaculos.o
                0x0200b64c                control_detector_obstaculos___elabs
                0x0200b590                control_detector_obstaculos___init_proc
                0x0200b770                control_detector_obstaculos__desvio_controlPT__reset_desvioN
                0x0200b948                control_detector_obstaculos__desvio_controlPT__is_desvio_activeP
                0x0200b6f0                control_detector_obstaculos__desvio_controlPT__activate_desvioN
                0x0200b728                control_detector_obstaculos__desvio_controlPT__is_desvio_activeN
                0x0200bad4                control_detector_obstaculos__desvio_controlPT__activate_desvioP
                0x0200c760                control_detector_obstaculos___elabb
                0x0200b5d0                control_detector_obstaculos___init_proc__2
                0x0200b7dc                control_detector_obstaculos__desvio_controlPT__reset_desvioP
                0x0200bc58                control_detector_obstaculos__control_obstaculosTKB
 .text          0x0200c794      0x994 ./control_posicion_altitud.o
                0x0200c8f4                control_posicion_altitud__posicion_altitudTKB
                0x0200c810                control_posicion_altitud___elabs
                0x0200c794                control_posicion_altitud___init_proc
                0x0200d0f4                control_posicion_altitud___elabb
 .text          0x0200d128      0x78c ./control_velocidad_aeronave.o
                0x0200d1a4                control_velocidad_aeronave___elabs
                0x0200d29c                control_velocidad_aeronave__control_velocidadTKB
                0x0200d880                control_velocidad_aeronave___elabb
                0x0200d128                control_velocidad_aeronave___init_proc
 .text          0x0200d8b4       0xa4 ./fss.o
                0x0200d8b4                fss__background
                0x0200d8f0                fss___elabb
 .text          0x0200d958      0x5e4 /usr/local/openravenscar/lib/gcc-lib/sparc-ork-elf/2.8.1/adalib/libgnarl.a(a-reatim.o)
                0x0200d984                ada__real_time__Oadd__2
                0x0200db58                ada__real_time__split
                0x0200d974                ada__real_time__Oadd
                0x0200d9d4                ada__real_time__Osubtract__4
                0x0200dad8                ada__real_time__nanoseconds
                0x0200da44                ada__real_time__Odivide__2
                0x0200da00                ada__real_time__Odivide
                0x0200d9b4                ada__real_time__Osubtract__2
                0x0200dac8                ada__real_time__to_duration
                0x0200de70                ada__real_time__time_of
                0x0200d994                ada__real_time__Oadd__3
                0x0200db28                ada__real_time__milliseconds
                0x0200d958                ada__real_time__clock
                0x0200dafc                ada__real_time__microseconds
                0x0200d9a4                ada__real_time__Osubtract
                0x0200d9c4                ada__real_time__Osubtract__3
                0x0200dad0                ada__real_time__to_time_span
                0x0200da9c                ada__real_time__Omultiply__2
                0x0200da70                ada__real_time__Omultiply
 .text          0x0200df3c       0x68 /usr/local/openravenscar/lib/gcc-lib/sparc-ork-elf/2.8.1/adalib/libgnarl.a(a-retide.o)
                0x0200df80                ada__real_time__delays__to_duration
                0x0200df3c                ada__real_time__delays__delay_until
 .text          0x0200dfa4      0x10c /usr/local/openravenscar/lib/gcc-lib/sparc-ork-elf/2.8.1/adalib/libgnarl.a(s-taprob.o)
                0x0200e090                system__tasking__protected_objects___init_proc
                0x0200e060                system__tasking__protected_objects__unlock
                0x0200dfd0                system__tasking__protected_objects__lock
                0x0200e09c                system__tasking__protected_objects___init_proc__2
                0x0200dfa4                system__tasking__protected_objects__initialize_protection
                0x0200e018                system__tasking__protected_objects__lock_read_only
                0x0200e078                system__tasking__protected_objects__finalize_protection
 .text          0x0200e0b0      0x978 /usr/local/openravenscar/lib/gcc-lib/sparc-ork-elf/2.8.1/adalib/libgnarl.a(s-taprop.o)
                0x0200e330                system__task_primitives__operations__get_priority
                0x0200e1a8                system__task_primitives__operations__unlock__2
                0x0200e508                system__task_primitives__operations__check_no_locks
                0x0200e12c                system__task_primitives__operations__write_lock
                0x0200e568                system__task_primitives__operations__resume_task
                0x0200e5e8                system__task_primitives__operations___elabb
                0x0200e274                system__task_primitives__operations__clock
                0x0200e148                system__task_primitives__operations__write_lock__2
                0x0200e0e8                system__task_primitives__operations__get_thread_id
                0x0200e1fc                system__task_primitives__operations__timed_delay
                0x0200e310                system__task_primitives__operations__set_priority
                0x0200e1d8                system__task_primitives__operations__timed_sleep
                0x0200e0cc                system__task_primitives__operations__self
                0x0200e1c0                system__task_primitives__operations__sleep
                0x0200e4ec                system__task_primitives__operations__set_exit_task_procedure
                0x0200e194                system__task_primitives__operations__unlock
                0x0200e520                system__task_primitives__operations__environment_task
                0x0200e0f4                system__task_primitives__operations__initialize_lock
                0x0200e81c                system__task_primitives__operations___init_proc
                0x0200e4d0                system__task_primitives__operations__exit_task
                0x0200e298                system__task_primitives__operations__wakeup
                0x0200e0b0                system__task_primitives__operations__set
                0x0200e4f8                system__task_primitives__operations__abort_task
                0x0200e52c                system__task_primitives__operations__lock_all_tasks_list
                0x0200e160                system__task_primitives__operations__write_lock__3
                0x0200e4c0                system__task_primitives__operations__finalize_tcb
                0x0200e3ac                system__task_primitives__operations__new_atcb
                0x0200e560                system__task_primitives__operations__suspend_task
                0x0200e2ac                system__task_primitives__operations__yield
                0x0200e548                system__task_primitives__operations__unlock_all_tasks_list
                0x0200e570                system__task_primitives__operations__initialize
                0x0200e500                system__task_primitives__operations__check_exit
                0x0200e424                system__task_primitives__operations__initialize_tcb
                0x0200e0e0                system__task_primitives__operations__stack_guard
                0x0200e124                system__task_primitives__operations__finalize_lock
                0x0200e4c8                system__task_primitives__operations__default_exit_task_procedure
                0x0200e460                system__task_primitives__operations__create_task
                0x0200e10c                system__task_primitives__operations__initialize_lock__2
                0x0200e178                system__task_primitives__operations__read_lock
                0x0200e348                system__task_primitives__operations__enter_task
 .text          0x0200ea28      0x924 /usr/local/openravenscar/lib/gcc-lib/sparc-ork-elf/2.8.1/adalib/libgnarl.a(s-tarest.o)
                0x0200ec9c                system__tasking__restricted__stages__create_restricted_task
                0x0200f19c                system__tasking__restricted__stages__restricted_terminated
                0x0200eeac                system__tasking__restricted__stages__activate_restricted_tasks
                0x0200f06c                system__tasking__restricted__stages__complete_restricted_activation
                0x0200f1b0                system__tasking__restricted__stages__finalize_global_tasks
                0x0200f204                system__tasking__restricted__stages___elabb
                0x0200f13c                system__tasking__restricted__stages__complete_restricted_task
 .text          0x0200f34c      0xf44 /usr/local/openravenscar/lib/gcc-lib/sparc-ork-elf/2.8.1/adalib/libgnarl.a(s-tasdeb.o)
                0x0200ffc4                system__tasking__debug__image
                0x02010268                system__tasking__debug___init_proc__2
                0x0200fca0                system__tasking__debug__print_current_task
                0x0200ff14                system__tasking__debug__trace__2
                0x0200f34c                system__tasking__debug___elabs
                0x0200fcbc                system__tasking__debug__list_tasks
                0x0201016c                system__tasking__debug__resume_all_tasks
                0x0200f3c4                system__tasking__debug__set_user_state
                0x0200faec                system__tasking__debug__print_task_info_header
                0x02010228                system__tasking__debug___init_proc
                0x0200f3b0                system__tasking__debug__self
                0x020101a4                system__tasking__debug___elabb
                0x0200fcfc                system__tasking__debug__print_accept_info
                0x0200ffb0                system__tasking__debug__set_trace
                0x0200fdc0                system__tasking__debug__trace
                0x0200ff48                system__tasking__debug__trace__3
                0x0200ff7c                system__tasking__debug__trace__4
                0x0200f6ac                system__tasking__debug__print_task_info
                0x0200f3a8                system__tasking__debug__task_termination_hook
                0x0200f3a0                system__tasking__debug__task_creation_hook
                0x02010134                system__tasking__debug__suspend_all_tasks
 .text          0x02010290      0x75c /usr/local/openravenscar/lib/gcc-lib/sparc-ork-elf/2.8.1/adalib/libgnarl.a(s-taskin.o)
                0x020106a4                system__tasking___init_proc__3
                0x0201094c                system__tasking___init_proc__8
                0x0201090c                system__tasking___init_proc__7
                0x02010290                system__tasking__self
                0x0201066c                system__tasking___init_proc__2
                0x020103cc                system__tasking___elabb
                0x02010720                system__tasking___init_proc__4
                0x02010958                system__tasking___init_proc__9
                0x02010618                system__tasking___init_proc
                0x02010774                system__tasking___init_proc__6
                0x020102a4                system__tasking__initialize_atcb
                0x0201072c                system__tasking___init_proc__5
 .text          0x020109ec       0x14 /usr/local/openravenscar/lib/gcc-lib/sparc-ork-elf/2.8.1/adalib/libgnarl.a(s-taspri.o)
                0x020109ec                system__task_primitives___init_proc
 .text          0x02010a00      0x1f0 /usr/local/openravenscar/lib/gcc-lib/sparc-ork-elf/2.8.1/adalib/libgnarl.a(kernel-interrupts.o)
                0x02010ac8                kernel_detach_interrupt_handler
                0x02010b10                kernel__interrupts___elabb
                0x02010a00                kernel__interrupts__null_handler
                0x02010a08                kernel__interrupts__wrapper
                0x02010af0                kernel_current_interrupt_handler
                0x02010a68                kernel_attach_interrupt_handler
                0x02010b94                kernel__interrupts___init_proc__2
                0x02010b7c                kernel__interrupts___init_proc
 .text          0x02010bf0      0x5dc /usr/local/openravenscar/lib/gcc-lib/sparc-ork-elf/2.8.1/adalib/libgnarl.a(kernel-threads.o)
                0x02010bf0                kernel__threads___elabs
                0x02011190                kernel__threads___init_proc__3
                0x02010e60                kernel_yield
                0x02010f60                kernel_check_no_mutexes
                0x02010f70                kernel_condition_init
                0x02010dc0                kernel__threads__set_active_priority
                0x02010d74                kernel_set_priority
                0x02011034                kernel_condition_signal
                0x02011094                kernel_thread_create
                0x02010c7c                kernel__threads__default_dummy_task_function
                0x0201115c                kernel_thread_self
                0x02010c2c                kernel__threads__thread_caller
                0x02010f78                kernel_condition_wait
                0x02010c8c                kernel_initialize
                0x02010f00                kernel_mutex_unlock
                0x02010ea8                kernel_mutex_lock
                0x02010e9c                kernel_mutex_init
                0x0201116c                kernel__threads___elabb
                0x0201117c                kernel__threads___init_proc
                0x02011188                kernel__threads___init_proc__2
                0x02010e44                kernel_get_priority
 .text          0x020111cc       0x28 /usr/local/openravenscar/lib/gcc-lib/sparc-ork-elf/2.8.1/adalib/libgnarl.a(kernel-threads-atcb.o)
                0x020111e4                kernel__threads__atcb___elabb
                0x020111d4                kernel__threads__atcb__thread_self_atcb
                0x020111cc                kernel__threads__atcb__set_atcb
 .text          0x020111f4      0x478 /usr/local/openravenscar/lib/gcc-lib/sparc-ork-elf/2.8.1/adalib/libgnarl.a(kernel-threads-queues.o)
                0x0201140c                kernel__threads__queues__insert_alarm
                0x020112b0                kernel__threads__queues__insert_at_tail
                0x0201120c                kernel__threads__queues__insert_at_head
                0x020114d8                kernel__threads__queues__extract_first_alarm
                0x020113c0                kernel__threads__queues__get_new_thread_descriptor
                0x020115dc                kernel__threads__queues___init_proc
                0x02011354                kernel__threads__queues__extract_from_ready
                0x02011504                kernel__threads__queues__get_next_alarm_time
                0x02011538                kernel__threads__queues___elabb
                0x0201139c                kernel__threads__queues__next_running
                0x02011200                kernel__threads__queues__environment_thread_id
                0x020111f4                kernel__threads__queues__dummy_thread_id
 .text          0x0201166c      0x108 /usr/local/openravenscar/lib/gcc-lib/sparc-ork-elf/2.8.1/adalib/libgnarl.a(kernel-threads-protection.o)
                0x02011690                kernel__threads__protection__leave_kernel
                0x0201166c                kernel__threads__protection__dispatch
                0x02011764                kernel__threads__protection___elabb
                0x0201167c                kernel__threads__protection__enter_kernel
 .text          0x02011774      0x3c4 /usr/local/openravenscar/lib/gcc-lib/sparc-ork-elf/2.8.1/adalib/libgnarl.a(kernel-time.o)
                0x0201182c                kernel_delay_until
                0x02011774                kernel_clock
                0x02011af8                kernel__time___elabb
 .text          0x02011b38       0x9c /usr/local/openravenscar/lib/gcc-lib/sparc-ork-elf/2.8.1/adalib/libgnarl.a(kernel-memory.o)
                0x02011b94                kernel__memory___elabb
                0x02011b40                kernel_new_stack
                0x02011b38                kernel_new_memory_region
 .text          0x02011bd4       0x88 /usr/local/openravenscar/lib/gcc-lib/sparc-ork-elf/2.8.1/adalib/libgnarl.a(kernel-cpu_primitives.o)
                0x02011bd4                kernel__cpu_primitives__context_switch
                0x02011be0                kernel__cpu_primitives__initialize_context
                0x02011c4c                kernel__cpu_primitives___elabb
 .text          0x02011c5c       0x44 /usr/local/openravenscar/lib/gcc-lib/sparc-ork-elf/2.8.1/adalib/libgnarl.a(kernel-peripherals-registers.o)
                0x02011c5c                kernel__peripherals__registers___elabs
 .text          0x02011ca0      0x6ac /usr/local/openravenscar/lib/gcc-lib/sparc-ork-elf/2.8.1/adalib/libgnarl.a(kernel-peripherals.o)
                0x02011cb0                kernel__peripherals__stop_watch_dog
                0x02011ca0                kernel__peripherals__to_vector
                0x02011ccc                kernel__peripherals__init_clock
                0x02012298                kernel__peripherals___elabb
                0x02011db0                kernel__peripherals__cancel_and_set_alarm
                0x02011d8c                kernel__peripherals__init_board
                0x02011dc4                kernel__peripherals__set_alarm
                0x02011f38                kernel__peripherals__read_clock
                0x02011fa8                kernel__peripherals__clear_alarm_interrupt
                0x020121d8                kernel__peripherals__uart_send
                0x02011fb0                kernel__peripherals__clear_clock_interrupt
                0x020120ec                kernel__peripherals__init_uart
                0x02011cc4                kernel__peripherals__memory_configuration
                0x02011fb8                kernel__peripherals__protect_segment
                0x02011ca8                kernel__peripherals__priority_of_interrupt
 .text          0x0201234c       0xe4 /usr/local/openravenscar/lib/gcc-lib/sparc-ork-elf/2.8.1/adalib/libgnarl.a(kernel-serial_output.o)
                0x020123a4                kernel_new_line
                0x020123b8                kernel_put_line_c
                0x02012364                kernel__serial_output__put__2
                0x0201234c                kernel_put_c
                0x020123d4                kernel__serial_output__put_line__2
                0x02012404                kernel__serial_output___elabb
 .text          0x02012430      0x2dc /usr/local/openravenscar/lib/gcc-lib/sparc-ork-elf/2.8.1/adalib/libgnarl.a(context.o)
                0x02012704                exit_from_context_switch
                0x02012430                context_switch
                0x0201243c                context_trap
 .text          0x0201270c      0x60c /usr/local/openravenscar/lib/gcc-lib/sparc-ork-elf/2.8.1/adalib/libgnarl.a(install_handler.o)
                0x020127c4                set_next_running
                0x0201270c                enable_traps
                0x02012770                install_trap_handler
                0x02012720                install_int_handler
 .text          0x02012d18       0x34 /usr/local/openravenscar/lib/gcc-lib/sparc-ork-elf/2.8.1/adalib/libgnarl.a(int_level.o)
                0x02012d18                disable_interrupts
                0x02012d30                enable_interrupts
 .text          0x02012d4c     0x25c0 /usr/local/openravenscar/lib/gcc-lib/sparc-ork-elf/2.8.1/adalib/libgnat.a(a-except.o)
                0x020145b4                ada__exceptions__sdp_table_sort_move
                0x02014714                ada__exceptions__string_to_eid
                0x02013dd0                __gnat_raise_nodefer_with_msg
                0x02012f7c                ada__exceptions__current_target_exception
                0x02013f48                ada__exceptions__raise_from_signal_handler
                0x02012dcc                ada__exceptions__address_image
                0x020141cc                ada__exceptions__save_occurrence
                0x02014db0                __gnat_notify_exception
                0x02013a90                ada__exceptions__propagate_exception
                0x02013904                ada__exceptions__exception_name_simple
                0x02014120                __gnat_reraise
                0x02013eb0                __gnat_raise_exception
                0x02012d4c                ada__exceptions___elabs
                0x02012ed4                __gnat_break_start
                0x02012ec0                ada__exceptions__allocate_machine_state
                0x02012fa0                ada__exceptions__deallocate_machine_state
                0x02013254                ada__exceptions__exception_information
                0x02014080                __gnat_raise_storage_error
                0x02013010                ada__exceptions__eo_to_string
                0x02014518                ada__exceptions__sdp_table_sort_lt
                0x02015224                ada__exceptions__raise_exception_no_defer
                0x02013810                ada__exceptions__exception_name__2
                0x020152cc                ada__exceptions__zzz
                0x02012dbc                ada__exceptions__poll
                0x020140a0                ada__exceptions__raise_with_c_msg
                0x02014e44                ada__exceptions__unhandled_exception_terminate
                0x02012fb4                ada__exceptions__eid_to_string
                0x02014260                ada__exceptions__save_occurrence__2
                0x0201400c                ada__exceptions__raise_with_location
                0x02013fe4                ada__exceptions__raise_no_msg
                0x0201374c                ada__exceptions__exception_message
                0x020145e4                ada__exceptions__set_exception_c_msg
                0x0201483c                ada__exceptions__string_to_eo
                0x02014040                __gnat_raise_constraint_error
                0x02014158                ada__exceptions__reraise_occurrence
                0x020152d4                ada__exceptions___elabb
                0x020152fc                ada__exceptions___init_proc
                0x020138d4                ada__exceptions__exception_name
                0x02012dc4                ada__exceptions__aaa
                0x020141a0                ada__exceptions__reraise_occurrence_no_defer
                0x02013070                ada__exceptions__exception_identity
                0x0201428c                __gnat_SDP_Table_Build
                0x02014da8                __gnat_unhandled_exception
                0x02012edc                ada__exceptions__call_chain
                0x020140d4                __gnat_raise_with_msg
                0x02014060                __gnat_raise_program_error
 .text          0x0201530c      0x2ec /usr/local/openravenscar/lib/gcc-lib/sparc-ork-elf/2.8.1/adalib/libgnat.a(a-filico.o)
                0x02015358                ada__finalization__list_controller___deep_finalize__2
                0x020155c4                ada__finalization__list_controller___init_proc__2
                0x02015588                ada__finalization__list_controller__finalize
                0x02015348                ada__finalization__list_controller___size__2
                0x020155a0                ada__finalization__list_controller___init_proc
                0x02015554                ada__finalization__list_controller__finalize__2
                0x02015384                ada__finalization__list_controller___elabs
                0x0201530c                ada__finalization__list_controller___size
                0x0201553c                ada__finalization__list_controller__initialize__2
                0x0201531c                ada__finalization__list_controller___deep_finalize
 .text          0x020155f8      0x560 /usr/local/openravenscar/lib/gcc-lib/sparc-ork-elf/2.8.1/adalib/libgnat.a(a-finali.o)
                0x02015858                ada__finalization___size__4
                0x02015ad8                ada__finalization__initialize
                0x02015af0                ada__finalization__Oeq__2
                0x02015b18                ada__finalization___init_proc
                0x02015620                ada__finalization___write__3
                0x02015b10                ada__finalization__finalize__2
                0x020155f8                ada__finalization___size__3
                0x02015608                ada__finalization___read__3
                0x02015ae0                ada__finalization__adjust
                0x02015b38                ada__finalization___init_proc__2
                0x02015894                ada__finalization___elabs
                0x02015ae8                ada__finalization__finalize
                0x02015804                ada__finalization___deep_adjust
                0x02015b08                ada__finalization__initialize__2
                0x02015638                ada__finalization___assign__3
                0x0201582c                ada__finalization___deep_finalize
                0x02015868                ada__finalization___deep_finalize__2
 .text          0x02015b58       0x6c /usr/local/openravenscar/lib/gcc-lib/sparc-ork-elf/2.8.1/adalib/libgnat.a(a-ioexce.o)
                0x02015b58                ada__io_exceptions___elabs
 .text          0x02015bc4     0x1e98 /usr/local/openravenscar/lib/gcc-lib/sparc-ork-elf/2.8.1/adalib/libgnat.a(a-nuelfu.o)
                0x02017680                ada__numerics__elementary_functions__sinh
                0x02016508                ada__numerics__elementary_functions__arcsin
                0x020162f0                ada__numerics__elementary_functions__arccosh
                0x02016734                ada__numerics__elementary_functions__arcsinh
                0x02015bc4                ada__numerics__elementary_functions__Oexpon
                0x02016404                ada__numerics__elementary_functions__arccoth
                0x020163e8                ada__numerics__elementary_functions__arccot__2
                0x020165dc                ada__numerics__elementary_functions__arcsin__2
                0x02016964                ada__numerics__elementary_functions__arctan__2
                0x02016184                ada__numerics__elementary_functions__arccos__2
                0x02016c64                ada__numerics__elementary_functions__cos
                0x0201778c                ada__numerics__elementary_functions__sqrt
                0x02017898                ada__numerics__elementary_functions__tan__2
                0x02017584                ada__numerics__elementary_functions__sin__2
                0x02017414                ada__numerics__elementary_functions__log__2
                0x02016e68                ada__numerics__elementary_functions__cot__2
                0x020179c8                ada__numerics__elementary_functions__tanh
                0x02016fd0                ada__numerics__elementary_functions__coth
                0x02017358                ada__numerics__elementary_functions__log
                0x02016d14                ada__numerics__elementary_functions__cosh
                0x020163d0                ada__numerics__elementary_functions__arccot
                0x02016854                ada__numerics__elementary_functions__arctan
                0x0201753c                ada__numerics__elementary_functions__sin
                0x02016084                ada__numerics__elementary_functions__arccos
                0x02016cd0                ada__numerics__elementary_functions__cos__2
                0x02017810                ada__numerics__elementary_functions__tan
                0x020170c4                ada__numerics__elementary_functions__exp
                0x02016dc0                ada__numerics__elementary_functions__cot
                0x02016ad8                ada__numerics__elementary_functions__arctanh
 .text          0x02017a5c       0x18 /usr/local/openravenscar/lib/gcc-lib/sparc-ork-elf/2.8.1/adalib/libgnat.a(a-numeri.o)
                0x02017a5c                ada__numerics___elabs
 .text          0x02017a74       0xc0 /usr/local/openravenscar/lib/gcc-lib/sparc-ork-elf/2.8.1/adalib/libgnat.a(a-stream.o)
                0x02017a8c                ada__streams___elabs
                0x02017a84                ada__streams___deep_finalize
                0x02017a74                ada__streams___size
                0x02017b24                ada__streams___init_proc
 .text          0x02017b34      0x934 /usr/local/openravenscar/lib/gcc-lib/sparc-ork-elf/2.8.1/adalib/libgnat.a(a-tags.o)
                0x0201819c                ada__tags__length
                0x02018408                ada__tags___init_proc
                0x02017ca8                ada__tags__external_tag_htable__removeXn
                0x020182c0                ada__tags__get_rc_offset
                0x020183dc                ada__tags__set_remotely_callable
                0x020183a4                ada__tags__set_prim_op_address
                0x02018384                ada__tags__register_tag
                0x02018324                ada__tags__inherit_tsd
                0x02017b34                ada__tags___elabs
                0x0201829c                ada__tags__get_expanded_name
                0x020183b8                ada__tags__set_expanded_name
                0x020182cc                ada__tags__get_remotely_callable
                0x02017ec4                ada__tags__expanded_name
                0x02017b4c                ada__tags__external_tag_htable__getXn
                0x020182b4                ada__tags__get_inheritance_depth
                0x020182e4                ada__tags__get_tsd
                0x02017da0                ada__tags__external_tag_htable__setXn
                0x0201825c                ada__tags__cw_membership
                0x020182ec                ada__tags__inherit_dt
                0x02017bf4                ada__tags__external_tag_htable__get_nextXn
                0x02017fcc                ada__tags__get_external_tag
                0x02017ff0                ada__tags__internal_tag
                0x02018410                ada__tags___init_proc__2
                0x020181f8                ada__tags___elabb
                0x020183b0                ada__tags__set_tsd
                0x020183c4                ada__tags__set_external_tag
                0x02017e14                ada__tags__get_ht_link
                0x020181d0                ada__tags__parent_size
                0x02017ddc                ada__tags__equal
                0x02017bc0                ada__tags__external_tag_htable__get_firstXn
                0x02018398                ada__tags__set_inheritance_depth
                0x02017f48                ada__tags__external_tag
                0x02017c30                ada__tags__external_tag_htable__get_non_nullXn
                0x020182a8                ada__tags__get_prim_op_address
                0x020183d0                ada__tags__set_rc_offset
                0x02017e80                ada__tags__hash
                0x02017d60                ada__tags__external_tag_htable__resetXn
                0x02017eb8                ada__tags__set_ht_link
                0x0201841c                ada__tags__external_tag_htable___init_procXn
 .text          0x02018468     0x227c /usr/local/openravenscar/lib/gcc-lib/sparc-ork-elf/2.8.1/adalib/libgnat.a(a-textio.o)
                0x0201927c                ada__text_io__line_length
                0x020192ac                ada__text_io__look_ahead
                0x02019a44                ada__text_io__read__2
                0x02019e50                ada__text_io__set_input
                0x0201a000                ada__text_io__set_page_length
                0x0201a2e0                ada__text_io__skip_page__2
                0x02019208                ada__text_io__get_line__2
                0x020186d4                ada__text_io__afcb_allocate__2
                0x020198b8                ada__text_io__put_line
                0x02019658                ada__text_io__page_length
                0x020187dc                ada__text_io__create
                0x020187ac                ada__text_io__col
                0x020188cc                ada__text_io__delete
                0x02019e6c                ada__text_io__set_line
                0x02019238                ada__text_io__is_open
                0x020184d8                ada__text_io___size__2
                0x0201a060                ada__text_io__skip_line
                0x020193b0                ada__text_io__new_line
                0x02019020                ada__text_io__get_immediate__4
                0x02019e34                ada__text_io__set_error
                0x02019714                ada__text_io__put__2
                0x02018f24                ada__text_io__get_immediate__2
                0x0201a31c                ada__text_io__standard_input__2
                0x02018468                ada__text_io___rep_to_pos
                0x0201924c                ada__text_io__line
                0x0201945c                ada__text_io__new_line__2
                0x02019264                ada__text_io__line__2
                0x02018b4c                ada__text_io__flush__2
                0x0201a328                ada__text_io__standard_output
                0x0201a42c                ada__text_io__write__2
                0x02018798                ada__text_io__close
                0x0201958c                ada__text_io__open
                0x0201a334                ada__text_io__standard_output__2
                0x0201a4e4                ada__text_io___elabb
                0x02019f68                ada__text_io__set_line__2
                0x0201a304                ada__text_io__standard_error__2
                0x02019888                ada__text_io__put__4
                0x020188e0                ada__text_io__end_of_file
                0x0201a340                ada__text_io__terminate_line
                0x020194f4                ada__text_io__nextc
                0x02018e0c                ada__text_io__getc
                0x0201a044                ada__text_io__set_page_length__2
                0x020188b0                ada__text_io__current_output
                0x02018b20                ada__text_io__end_of_page__2
                0x02018878                ada__text_io__current_error
                0x0201936c                ada__text_io__mode
                0x0201a1d8                ada__text_io__skip_line__2
                0x020184e8                ada__text_io___elabs
                0x02018720                ada__text_io__afcb_close__2
                0x020194dc                ada__text_io__new_page__2
                0x02018c90                ada__text_io__get__2
                0x02018a60                ada__text_io__end_of_page
                0x0201a3d4                ada__text_io__ungetc
                0x020187c4                ada__text_io__col__2
                0x02019330                ada__text_io__look_ahead__2
                0x020197b8                ada__text_io__put__3
                0x02018a48                ada__text_io__end_of_line__2
                0x02018f3c                ada__text_io__get_immediate__3
                0x020199c8                ada__text_io__put_line__2
                0x0201a310                ada__text_io__standard_input
                0x02018e70                ada__text_io__get_immediate
                0x02018b38                ada__text_io__flush
                0x0201a1f4                ada__text_io__skip_page
                0x020188bc                ada__text_io__current_output__2
                0x02018894                ada__text_io__current_input
                0x0201a6a0                ada__text_io___init_proc
                0x02018884                ada__text_io__current_error__2
                0x02019fe4                ada__text_io__set_output
                0x02018b64                ada__text_io__form
                0x02019c40                ada__text_io__reset__2
                0x02019294                ada__text_io__line_length__2
                0x02019380                ada__text_io__name
                0x02018ddc                ada__text_io__get__4
                0x02019688                ada__text_io__put
                0x02019e18                ada__text_io__set_col__2
                0x02018778                ada__text_io__afcb_free__2
                0x0201a2f8                ada__text_io__standard_error
                0x020199f8                ada__text_io__putc
                0x020189d8                ada__text_io__end_of_file__2
                0x02019b90                ada__text_io__reset
                0x020189f0                ada__text_io__end_of_line
                0x02019670                ada__text_io__page_length__2
                0x020188a0                ada__text_io__current_input__2
                0x02019c7c                ada__text_io__set_col
                0x02018ca8                ada__text_io__get__3
                0x02019f84                ada__text_io__set_line_length
                0x02019fc8                ada__text_io__set_line_length__2
                0x02019640                ada__text_io__page__2
                0x02019478                ada__text_io__new_page
                0x02018b94                ada__text_io__get
                0x0201905c                ada__text_io__get_line
                0x02019628                ada__text_io__page
 .text          0x0201a6e4      0x25c /usr/local/openravenscar/lib/gcc-lib/sparc-ork-elf/2.8.1/adalib/libgnat.a(g-except.o)
                0x0201a830                gnat__exceptions___deep_finalize
                0x0201a6fc                gnat__exceptions___write
                0x0201a738                gnat__exceptions___output
                0x0201a758                gnat__exceptions___assign
                0x0201a704                gnat__exceptions___input
                0x0201a838                gnat__exceptions___elabs
                0x0201a6f4                gnat__exceptions___read
                0x0201a6e4                gnat__exceptions___size
                0x0201a930                gnat__exceptions___init_proc
                0x0201a750                gnat__exceptions__Oeq
                0x0201a828                gnat__exceptions___deep_adjust
 .text          0x0201a940      0x174 /usr/local/openravenscar/lib/gcc-lib/sparc-ork-elf/2.8.1/adalib/libgnat.a(g-hesora.o)
                0x0201aa10                gnat__heap_sort_a__sort
 .text          0x0201aab4      0xc6c /usr/local/openravenscar/lib/gcc-lib/sparc-ork-elf/2.8.1/adalib/libgnat.a(i-c.o)
                0x0201b3c4                interfaces__c__to_c__4
                0x0201af04                interfaces__c__to_ada__6
                0x0201ab18                interfaces__c__is_nul_terminated__2
                0x0201ab68                interfaces__c__to_ada
                0x0201ab70                interfaces__c__to_ada__2
                0x0201b02c                interfaces__c__to_c
                0x0201aacc                interfaces__c__is_nul_terminated
                0x0201b578                interfaces__c__to_c__6
                0x0201aca4                interfaces__c__to_ada__3
                0x0201aab4                interfaces__c___elabs
                0x0201b22c                interfaces__c__to_c__3
                0x0201adc4                interfaces__c__to_ada__5
                0x0201b3cc                interfaces__c__to_c__5
                0x0201b034                interfaces__c__to_c__2
                0x0201adbc                interfaces__c__to_ada__4
 .text          0x0201b720      0x110 /usr/local/openravenscar/lib/gcc-lib/sparc-ork-elf/2.8.1/adalib/libgnat.a(i-cstrea.o)
                0x0201b720                interfaces__c_streams___elabs
                0x0201b7a4                interfaces__c_streams__fread
                0x0201b810                interfaces__c_streams__setvbuf
                0x0201b7c4                interfaces__c_streams__fread__2
                0x0201b7f0                interfaces__c_streams__fwrite
 .text          0x0201b830     0x13b4 /usr/local/openravenscar/lib/gcc-lib/sparc-ork-elf/2.8.1/adalib/libgnat.a(s-arit64.o)
                0x0201b96c                system__arith_64__hi
                0x0201bf14                system__arith_64__scaled_divide
                0x0201bee4                system__arith_64__raise_error
                0x0201b8e4                system__arith_64__Odivide
                0x0201b858                system__arith_64__Oadd__2
                0x0201cb10                system__arith_64__subtract_with_ovflo_check
                0x0201b888                system__arith_64__Omultiply
                0x0201b97c                system__arith_64__lo
                0x0201b8b8                system__arith_64__Omultiply__2
                0x0201b9f0                system__arith_64__double_divide
                0x0201bce0                system__arith_64__multiply_with_ovflo_check
                0x0201cbc4                system__arith_64__to_pos_int
                0x0201b830                system__arith_64__Oadd
                0x0201b93c                system__arith_64__Oconcat
                0x0201cb8c                system__arith_64__to_neg_int
                0x0201b910                system__arith_64__Orem
                0x0201b984                system__arith_64__add_with_ovflo_check
                0x0201b870                system__arith_64__Osubtract
 .text          0x0201cbe4      0x16c /usr/local/openravenscar/lib/gcc-lib/sparc-ork-elf/2.8.1/adalib/libgnat.a(s-except.o)
                0x0201cc08                system__exceptions___init_proc
                0x0201cbe4                system__exceptions___elabs
                0x0201ccb0                system__exceptions___init_proc__4
                0x0201cc50                system__exceptions___init_proc__3
                0x0201ccf0                system__exceptions___init_proc__5
                0x0201cc10                system__exceptions___init_proc__2
 .text          0x0201cd50      0x54c /usr/local/openravenscar/lib/gcc-lib/sparc-ork-elf/2.8.1/adalib/libgnat.a(s-exctab.o)
                0x0201d064                system__exception_table__get_key
                0x0201cdf8                system__exception_table__exception_htable__get_nextXn
                0x0201d02c                system__exception_table__equal
                0x0201cfa4                system__exception_table__exception_htable__setXn
                0x0201d250                system__exception_table__exception_htable___init_procXn
                0x0201cd50                system__exception_table__exception_htable__getXn
                0x0201cfe8                system__exception_table__get_ht_link
                0x0201cf64                system__exception_table__exception_htable__resetXn
                0x0201cfe0                system__exception_table__set_ht_link
                0x0201d06c                system__exception_table__internal_exception
                0x0201ce34                system__exception_table__exception_htable__get_non_nullXn
                0x0201cff0                system__exception_table__hash
                0x0201cdc4                system__exception_table__exception_htable__get_firstXn
                0x0201d1a0                system__exception_table___elabb
                0x0201d18c                system__exception_table__register_exception
                0x0201ceac                system__exception_table__exception_htable__removeXn
 .text          0x0201d29c      0x1c4 /usr/local/openravenscar/lib/gcc-lib/sparc-ork-elf/2.8.1/adalib/libgnat.a(s-exnflt.o)
                0x0201d29c                system__exn_flt__exn_float
 .text          0x0201d460      0xb2c /usr/local/openravenscar/lib/gcc-lib/sparc-ork-elf/2.8.1/adalib/libgnat.a(s-fatflt.o)
                0x0201de14                system__fat_flt__fat_float__truncation
                0x0201d5a4                system__fat_flt__fat_float__decompose
                0x0201d938                system__fat_flt__fat_float__model
                0x0201d840                system__fat_flt__fat_float__floor
                0x0201d94c                system__fat_flt__fat_float__pred
                0x0201dc14                system__fat_flt__fat_float__scaling
                0x0201d8c8                system__fat_flt__fat_float__leading_part
                0x0201dec4                system__fat_flt__fat_float__unbiased_rounding
                0x0201d4b8                system__fat_flt__fat_float__ceiling
                0x0201d518                system__fat_flt__fat_float__compose
                0x0201d818                system__fat_flt__fat_float__exponent
                0x0201d8a0                system__fat_flt__fat_float__fraction
                0x0201d790                system__fat_flt__fat_float__gradual_scaling
                0x0201da04                system__fat_flt__fat_float__remainder
                0x0201db8c                system__fat_flt__fat_float__rounding
                0x0201d460                system__fat_flt__fat_float__adjacent
                0x0201dd2c                system__fat_flt__fat_float__succ
                0x0201df6c                system__fat_flt__fat_float__valid
                0x0201d548                system__fat_flt__fat_float__copy_sign
                0x0201d924                system__fat_flt__fat_float__machine
 .text          0x0201df8c      0x1d4 /usr/local/openravenscar/lib/gcc-lib/sparc-ork-elf/2.8.1/adalib/libgnat.a(s-ficobl.o)
                0x0201e12c                system__file_control_block___init_proc
                0x0201df9c                system__file_control_block___elabs
                0x0201df8c                system__file_control_block___size
 .text          0x0201e160     0x2084 /usr/local/openravenscar/lib/gcc-lib/sparc-ork-elf/2.8.1/adalib/libgnat.a(s-fileio.o)
                0x0201e598                system__file_io__check_file_open
                0x0201fe4c                system__file_io__make_unbuffered
                0x0201ead0                system__file_io__flush
                0x020201d4                system__file_io___init_proc__2
                0x0201eff8                system__file_io__mode
                0x0201fe70                system__file_io__make_line_buffered
                0x0201fbe4                system__file_io__read_buf__2
                0x0201e56c                system__file_io___deep_finalize__2
                0x0201e910                system__file_io__delete
                0x0201ebe4                system__file_io__form
                0x0201e378                system__file_io___assign__2
                0x0201ea68                system__file_io__finalize__2
                0x0201fc64                system__file_io__reset
                0x0201ea00                system__file_io__end_of_file
                0x0201e728                system__file_io__close
                0x0201feb8                system__file_io___elabb
                0x0201e544                system__file_io___deep_adjust__2
                0x0201e348                system__file_io___output__2
                0x0201eb18                system__file_io__fopen_mode
                0x0201f034                system__file_io__name
                0x0201efec                system__file_io__is_open
                0x0201fdc8                system__file_io__write_buf
                0x0201ee78                system__file_io__form_parameter
                0x0201e6bc                system__file_io__check_write_status
                0x0201e1d8                system__file_io___input__2
                0x0201ed68                system__file_io__form_integer
                0x0201e170                system__file_io___read__2
                0x0201f104                system__file_io__open
                0x0201e628                system__file_io__chain_file
                0x0201e160                system__file_io___size__2
                0x0201e188                system__file_io___write__2
                0x0201e360                system__file_io__Oeq
                0x02020198                system__file_io___init_proc
                0x0201ecb4                system__file_io__form_boolean
                0x0201fc44                system__file_io__reset__2
                0x0201e5d0                system__file_io__append_set
                0x0201fe94                system__file_io__make_buffered
                0x0201fb28                system__file_io__read_buf
                0x0201e650                system__file_io__check_read_status
 .text          0x020201e4     0x13dc /usr/local/openravenscar/lib/gcc-lib/sparc-ork-elf/2.8.1/adalib/libgnat.a(s-finimp.o)
                0x02021404                system__finalization_implementation__deep_tag_attach
                0x02020410                system__finalization_implementation___read__2
                0x02020a64                system__finalization_implementation__detach_from_final_list
                0x020202a8                system__finalization_implementation___output
                0x02020ec0                system__finalization_implementation__finalize_list
                0x020204dc                system__finalization_implementation__Oeq__2
                0x02021590                system__finalization_implementation___init_proc__2
                0x02020308                system__finalization_implementation___assign
                0x020214bc                system__finalization_implementation__initialize__2
                0x020208c8                system__finalization_implementation__attach_to_final_list
                0x02021268                system__finalization_implementation__deep_tag_adjust
                0x02020524                system__finalization_implementation___assign__2
                0x020202c0                system__finalization_implementation__Oeq
                0x02020250                system__finalization_implementation___input
                0x0202022c                system__finalization_implementation___write
                0x02021178                system__finalization_implementation__deep_tag_initialize
                0x020214b4                system__finalization_implementation__initialize
                0x0202156c                system__finalization_implementation___init_proc
                0x02020434                system__finalization_implementation___write__2
                0x02020624                system__finalization_implementation___elabs
                0x020204c4                system__finalization_implementation___output__2
                0x02020458                system__finalization_implementation___input__2
                0x020201f4                system__finalization_implementation___read
                0x0202102c                system__finalization_implementation__finalize_one
                0x02021334                system__finalization_implementation__deep_tag_finalize
                0x02021004                system__finalization_implementation__finalize_global_list
                0x02021558                system__finalization_implementation__finalize
                0x02020400                system__finalization_implementation___size__2
                0x02021524                system__finalization_implementation__adjust__2
                0x020201e4                system__finalization_implementation___size
 .text          0x020215c0      0x658 /usr/local/openravenscar/lib/gcc-lib/sparc-ork-elf/2.8.1/adalib/libgnat.a(s-finroo.o)
                0x020215c0                system__finalization_root___size
                0x02021bf4                system__finalization_root___init_proc__2
                0x020215d0                system__finalization_root___read
                0x02021908                system__finalization_root___elabs
                0x020217c0                system__finalization_root__Oeq__2
                0x02021750                system__finalization_root___input__2
                0x020215d8                system__finalization_root___write
                0x020215e8                system__finalization_root___assign
                0x02021bb4                system__finalization_root__finalize
                0x020217a8                system__finalization_root___output__2
                0x02021b54                system__finalization_root__initialize
                0x020215e0                system__finalization_root__Oeq
                0x020216c8                system__finalization_root___read__2
                0x02021720                system__finalization_root___write__2
                0x020216b8                system__finalization_root___size__2
                0x02021b84                system__finalization_root__adjust
                0x02021818                system__finalization_root___assign__2
                0x02021be4                system__finalization_root___init_proc
 .text          0x02021c18      0x1b4 /usr/local/openravenscar/lib/gcc-lib/sparc-ork-elf/2.8.1/adalib/libgnat.a(s-imgint.o)
                0x02021d54                system__img_int__set_image_integer
                0x02021c18                system__img_int__image_integer
 .text          0x02021dcc      0xbc8 /usr/local/openravenscar/lib/gcc-lib/sparc-ork-elf/2.8.1/adalib/libgnat.a(s-imgrea.o)
                0x02021dcc                system__img_real__image_ordinary_fixed_point
                0x020224b8                system__img_real__set_image_real
                0x02021ea0                system__img_real__image_floating_point
 .text          0x02022994      0x160 /usr/local/openravenscar/lib/gcc-lib/sparc-ork-elf/2.8.1/adalib/libgnat.a(s-imguns.o)
                0x02022994                system__img_uns__image_unsigned
                0x02022ab4                system__img_uns__set_image_unsigned
 .text          0x02022af4       0x40 /usr/local/openravenscar/lib/gcc-lib/sparc-ork-elf/2.8.1/adalib/libgnat.a(s-mastop.o)
                0x02022b0c                system__machine_state_operations__get_code_loc
                0x02022af4                system__machine_state_operations__allocate_machine_state
                0x02022b2c                system__machine_state_operations__set_signal_machine_state
                0x02022b04                system__machine_state_operations__free_machine_state
                0x02022b14                system__machine_state_operations__machine_state_length
                0x02022afc                system__machine_state_operations__enter_handler
                0x02022b24                system__machine_state_operations__set_machine_state
                0x02022b1c                system__machine_state_operations__pop_frame
 .text          0x02022b34       0x50 /usr/local/openravenscar/lib/gcc-lib/sparc-ork-elf/2.8.1/adalib/libgnat.a(s-parame.o)
                0x02022b3c                system__parameters__minimum_stack_size
                0x02022b44                system__parameters__adjust_storage_size
                0x02022b34                system__parameters__default_stack_size
 .text          0x02022b84      0x314 /usr/local/openravenscar/lib/gcc-lib/sparc-ork-elf/2.8.1/adalib/libgnat.a(s-secsta.o)
                0x02022e90                system__secondary_stack___init_proc__2
                0x02022e34                system__secondary_stack___elabb
                0x02022b84                system__secondary_stack__ss_allocate
                0x02022d78                system__secondary_stack__ss_free
                0x02022e14                system__secondary_stack__ss_release
                0x02022df4                system__secondary_stack__ss_mark
                0x02022e7c                system__secondary_stack___init_proc
                0x02022d14                system__secondary_stack__ss_init
 .text          0x02022e98      0x1fc /usr/local/openravenscar/lib/gcc-lib/sparc-ork-elf/2.8.1/adalib/libgnat.a(s-sopco3.o)
                0x02022e98                system__string_ops_concat_3__str_concat_3
 .text          0x02023094      0x1e4 /usr/local/openravenscar/lib/gcc-lib/sparc-ork-elf/2.8.1/adalib/libgnat.a(s-stache.o)
                0x02023094                system__stack_checking___elabs
                0x020230ac                _gnat_stack_check
                0x02023230                system__stack_checking__set_stack_size
                0x02023268                system__stack_checking___init_proc
                0x02023138                system__stack_checking__invalidate_stack_cache
                0x02023258                system__stack_checking__update_stack_cache
 .text          0x02023278       0x28 /usr/local/openravenscar/lib/gcc-lib/sparc-ork-elf/2.8.1/adalib/libgnat.a(s-stalib.o)
                0x02023278                system__standard_library__abort_undefer_direct
                0x02023294                system__standard_library___init_proc
 .text          0x020232a0       0x64 /usr/local/openravenscar/lib/gcc-lib/sparc-ork-elf/2.8.1/adalib/libgnat.a(s-stoele.o)
                0x020232c0                system__storage_elements__Omod
                0x020232f4                system__storage_elements__to_address
                0x020232a8                system__storage_elements__Oadd__2
                0x020232b0                system__storage_elements__Osubtract
                0x020232a0                system__storage_elements__Oadd
                0x020232fc                system__storage_elements__to_integer
                0x020232b8                system__storage_elements__Osubtract__2
 .text          0x02023304     0x102c /usr/local/openravenscar/lib/gcc-lib/sparc-ork-elf/2.8.1/adalib/libgnat.a(s-stratt.o)
                0x02023a1c                system__stream_attributes__i_si
                0x02023cd4                system__stream_attributes__w_ad
                0x0202340c                system__stream_attributes__i_b
                0x02023dc8                system__stream_attributes__w_c
                0x020235e4                system__stream_attributes__i_lf
                0x02023994                system__stream_attributes__i_sf
                0x02024250                system__stream_attributes__w_su
                0x02023470                system__stream_attributes__i_c
                0x02023714                system__stream_attributes__i_llf
                0x02023b5c                system__stream_attributes__i_su
                0x02023864                system__stream_attributes__i_llu
                0x0202414c                system__stream_attributes__w_sf
                0x02023bd4                system__stream_attributes__i_u
                0x020242ec                system__stream_attributes__w_wc
                0x02023304                system__stream_attributes__i_ad
                0x02024294                system__stream_attributes__w_u
                0x020240f4                system__stream_attributes__w_lu
                0x02023d94                system__stream_attributes__w_b
                0x02023ffc                system__stream_attributes__w_lli
                0x02023af8                system__stream_attributes__i_ssu
                0x0202368c                system__stream_attributes__i_li
                0x020241e8                system__stream_attributes__w_ssi
                0x020241a4                system__stream_attributes__w_si
                0x02023eac                system__stream_attributes__w_lf
                0x02023a94                system__stream_attributes__i_ssi
                0x020234d4                system__stream_attributes__i_f
                0x02023f28                system__stream_attributes__w_li
                0x02023d44                system__stream_attributes__w_as
                0x02023e54                system__stream_attributes__w_i
                0x0202355c                system__stream_attributes__i_i
                0x020237bc                system__stream_attributes__i_lli
                0x02023c5c                system__stream_attributes__i_wc
                0x02023f80                system__stream_attributes__w_llf
                0x0202421c                system__stream_attributes__w_ssu
                0x0202337c                system__stream_attributes__i_as
                0x02023dfc                system__stream_attributes__w_f
                0x02024078                system__stream_attributes__w_llu
                0x0202390c                system__stream_attributes__i_lu
 .text          0x02024330      0x5b8 /usr/local/openravenscar/lib/gcc-lib/sparc-ork-elf/2.8.1/adalib/libgnat.a(s-strops.o)
                0x02024754                system__string_ops__str_equal
                0x0202462c                system__string_ops__str_concat_sc
                0x02024864                system__string_ops__str_normalize
                0x02024330                system__string_ops__str_concat
                0x02024550                system__string_ops__str_concat_cs
                0x020248a4                system__string_ops__wide_str_normalize
                0x020244f0                system__string_ops__str_concat_cc
 .text          0x020248e8      0x298 /usr/local/openravenscar/lib/gcc-lib/sparc-ork-elf/2.8.1/adalib/libgnat.a(s-soflin.o)
                0x02024a4c                system__soft_links__set_jmpbuf_address_soft
                0x020249b8                system__soft_links__get_stack_info_nt
                0x02024b14                system__soft_links___elabb
                0x020249ac                system__soft_links__get_current_excep_nt
                0x02024abc                system__soft_links__set_exc_stack_addr_soft
                0x020248e8                system__soft_links__abort_defer_nt
                0x0202491c                system__soft_links__check_abort_status_nt
                0x02024964                system__soft_links__get_sec_stack_addr_nt
                0x02024958                system__soft_links__set_jmpbuf_address_nt
                0x0202493c                system__soft_links__task_lock_nt
                0x02024af8                system__soft_links__set_machine_state_addr_soft
                0x0202492c                system__soft_links__current_master_nt
                0x020248f0                system__soft_links__abort_handler_nt
                0x020249e8                system__soft_links__destroy_tsd
                0x02024aa0                system__soft_links__get_exc_stack_addr_soft
                0x0202494c                system__soft_links__get_jmpbuf_address_nt
                0x020248f8                system__soft_links__abort_undefer_nt
                0x020249c4                system__soft_links__create_tsd
                0x02024988                system__soft_links__set_machine_state_addr_nt
                0x02024970                system__soft_links__set_sec_stack_addr_nt
                0x02024900                system__soft_links__update_exception_nt
                0x020249a0                system__soft_links__set_exc_stack_addr_nt
                0x02024b54                system__soft_links___init_proc
                0x02024a30                system__soft_links__get_jmpbuf_address_soft
                0x02024934                system__soft_links__enter_master_nt
                0x02024adc                system__soft_links__get_machine_state_addr_soft
                0x02024a84                system__soft_links__set_sec_stack_addr_soft
                0x02024944                system__soft_links__task_unlock_nt
                0x02024a0c                system__soft_links__get_gnat_exception
                0x02024a68                system__soft_links__get_sec_stack_addr_soft
                0x02024924                system__soft_links__complete_master_nt
                0x0202497c                system__soft_links__get_machine_state_addr_nt
                0x02024994                system__soft_links__get_exc_stack_addr_nt
 .text          0x02024b80       0x68 /usr/local/openravenscar/lib/gcc-lib/sparc-ork-elf/2.8.1/adalib/libgnat.a(s-traceb.o)
                0x02024b94                system__traceback__get_code_loc
                0x02024bbc                system__traceback__pop_frame
                0x02024ba8                system__traceback__free_machine_state
                0x02024b80                system__traceback__allocate_machine_state
                0x02024bd4                system__traceback__set_machine_state
 .text          0x02024be8      0x894 /usr/local/openravenscar/lib/gcc-lib/sparc-ork-elf/2.8.1/adalib/libgnat.a(a-adaint.o)
                0x02024d78                get_object_suffix_ptr
                0x02024d24                Get_Default_Identifier_Character_Set
                0x02024d0c                Get_Maximum_File_Name_Length
                0x02024d1c                Get_File_Names_Case_Sensitive
                0x02024f94                file_time_name
                0x02024d34                Get_Pathsep_Char
                0x02024e14                open_read
                0x02024d2c                Get_Dirsep_Char
                0x0202502c                is_regular_file
                0x02024d14                Get_Switch_Character
                0x020251e0                locate_regular_file
                0x02025430                to_canonical_file_list_next
                0x0202545c                to_host_dir_spec
                0x0202500c                __gnat_file_exists
                0x02024f00                __gnat_mkdir
                0x02025454                to_canonical_path_spec
                0x020250ac                is_writable_file
                0x02024ed8                open_new_temp
                0x020250e0                portable_spawn
                0x02025444                to_canonical_dir_spec
                0x02024fcc                get_env_value_ptr
                0x02024fb0                file_time_fd
                0x02024f8c                readdir_is_thread_safe
                0x02024eb0                open_new
                0x02024be8                to_gm_time
                0x02024c5c                Try_Lock
                0x0202544c                to_canonical_file_spec
                0x0202519c                portable_wait
                0x02025428                to_canonical_file_list_init
                0x02025474                convert_addresses
                0x02024dac                get_executable_suffix_ptr
                0x0202506c                is_directory
                0x02024e88                open_append
                0x02024e60                open_create
                0x02024e38                open_rw
                0x02024f18                file_length
                0x02024f58                readdir_gnat
                0x0202546c                adjust_os_resource_limits
                0x0202536c                locate_exec
                0x0202515c                portable_no_block_spawn
                0x020251cc                os_exit
                0x02025000                Get_Libraries_From_Registry
                0x0202543c                to_canonical_file_list_free
                0x02024d3c                Get_Current_Dir
                0x02025464                to_host_file_spec
                0x020253e0                locate_exec_on_path
                0x02024de0                get_debuggable_suffix_ptr
 .text          0x0202547c       0xfc /usr/local/openravenscar/lib/gcc-lib/sparc-ork-elf/2.8.1/adalib/libgnat.a(a-argv.o)
                0x02025544                fill_env
                0x020254e8                env_count
                0x02025524                len_env
                0x0202547c                arg_count
                0x02025488                gnat_argval
                0x020254b4                fill_arg
                0x02025494                len_arg
 .text          0x02025578      0x14c /usr/local/openravenscar/lib/gcc-lib/sparc-ork-elf/2.8.1/adalib/libgnat.a(a-cio.o)
                0x02025598                put_int
                0x020255b4                get_char
                0x02025578                get_int
                0x020256a4                put_char_stderr
                0x02025604                put_char
 .text          0x020256c4      0x10c /usr/local/openravenscar/lib/gcc-lib/sparc-ork-elf/2.8.1/adalib/libgnat.a(a-cstrea.o)
                0x020256e4                fileno__
                0x02025768                full_name
                0x020256f8                is_regular_file_fd
                0x02025738                c_constant_stderr
                0x020256c4                feof__
                0x02025748                c_constant_stdin
                0x020256d4                ferror__
                0x02025758                c_constant_stdout
 .text          0x020257d0        0xc /usr/local/openravenscar/lib/gcc-lib/sparc-ork-elf/2.8.1/adalib/libgnat.a(a-exit.o)
                0x020257d0                set_gnat_exit_status
 .text          0x020257dc      0x1f4 /usr/local/openravenscar/lib/gcc-lib/sparc-ork-elf/2.8.1/adalib/libgnat.a(a-raise.o)
                0x020257dc                _gnat_builtin_longjmp
                0x02025834                __gnat_malloc
                0x020258ec                __gnat_free
                0x0202581c                __gnat_unhandled_terminate
                0x02025928                __gnat_realloc
 .text          0x020259d0       0xac /usr/local/openravenscar/lib/gcc-lib/sparc-ork-elf/2.8.1/adalib/libgnat.a(a-sysdep.o)
                0x020259d8                set_text_mode
                0x020259e0                getc_immediate
                0x02025a04                getc_immediate_nowait
                0x02025a64                __gnat_localtime_r
                0x020259d0                set_binary_mode
                0x02025a28                getc_immediate_common
 .text          0x02025a7c      0x410 /usr/local/openravenscar/lib/gcc-lib/sparc-ork-elf/2.8.1/adalib/libgnat.a(a-init.o)
                0x02025c70                __gnat_pop_frame
                0x02025e84                __gnat_init_float
                0x02025a7c                __gnat_set_globals
                0x02025e7c                __gnat_get_code_loc
                0x02025ad4                __gnat_initialize
                0x02025dc0                __gnat_enter_handler
                0x02025e74                __gnat_machine_state_length
                0x02025d14                __gnat_set_machine_state
 .text          0x02025e8c        0x8 /usr/local/openravenscar/lib/gcc-lib/sparc-ork-elf/2.8.1/adalib/libgnat.a(a-final.o)
                0x02025e8c                __gnat_finalize
 .text          0x02025e94      0xc1c /usr/local/openravenscar/lib/gcc-lib/sparc-ork-elf/2.8.1/adalib/libgnat.a(s-fatllf.o)
                0x02025f98                system__fat_llf__fat_long_long_float__copy_sign
                0x02026208                system__fat_llf__fat_long_long_float__gradual_scaling
                0x020269dc                system__fat_llf__fat_long_long_float__unbiased_rounding
                0x020262a0                system__fat_llf__fat_long_long_float__exponent
                0x02025f64                system__fat_llf__fat_long_long_float__compose
                0x020262cc                system__fat_llf__fat_long_long_float__floor
                0x02025e94                system__fat_llf__fat_long_long_float__adjacent
                0x020263f8                system__fat_llf__fat_long_long_float__pred
                0x02026338                system__fat_llf__fat_long_long_float__fraction
                0x020264b8                system__fat_llf__fat_long_long_float__remainder
                0x02026700                system__fat_llf__fat_long_long_float__scaling
                0x02025ef8                system__fat_llf__fat_long_long_float__ceiling
                0x02025ffc                system__fat_llf__fat_long_long_float__decompose
                0x02026828                system__fat_llf__fat_long_long_float__succ
                0x02026364                system__fat_llf__fat_long_long_float__leading_part
                0x02026668                system__fat_llf__fat_long_long_float__rounding
                0x020263e0                system__fat_llf__fat_long_long_float__model
                0x02026a88                system__fat_llf__fat_long_long_float__valid
                0x02026918                system__fat_llf__fat_long_long_float__truncation
                0x020263cc                system__fat_llf__fat_long_long_float__machine
 .text          0x02026ab0      0x18c /usr/local/openravenscar/lib/gcc-lib/sparc-ork-elf/2.8.1/adalib/libgnat.a(s-imgllu.o)
                0x02026ab0                system__img_llu__image_long_long_unsigned
                0x02026bf8                system__img_llu__set_image_long_long_unsigned
 .text          0x02026c3c      0x294 /usr/local/openravenscar/sparc-ork-elf/lib/libm.a(s_atan.o)
                0x02026c3c                atan
 .text          0x02026ed0       0xf0 /usr/local/openravenscar/sparc-ork-elf/lib/libm.a(s_cos.o)
                0x02026ed0                cos
 .text          0x02026fc0       0x2c /usr/local/openravenscar/sparc-ork-elf/lib/libm.a(s_fabs.o)
                0x02026fc0                fabs
 .text          0x02026fec       0xf0 /usr/local/openravenscar/sparc-ork-elf/lib/libm.a(s_sin.o)
                0x02026fec                sin
 .text          0x020270dc       0x9c /usr/local/openravenscar/sparc-ork-elf/lib/libm.a(s_tan.o)
                0x020270dc                tan
 .text          0x02027178      0x134 /usr/local/openravenscar/sparc-ork-elf/lib/libm.a(s_tanh.o)
                0x02027178                tanh
 .text          0x020272ac       0xf8 /usr/local/openravenscar/sparc-ork-elf/lib/libm.a(w_acos.o)
                0x020272ac                acos
 .text          0x020273a4       0xf8 /usr/local/openravenscar/sparc-ork-elf/lib/libm.a(w_asin.o)
                0x020273a4                asin
 .text          0x0202749c      0x1c0 /usr/local/openravenscar/sparc-ork-elf/lib/libm.a(w_exp.o)
                0x0202749c                exp
 .text          0x0202765c      0x184 /usr/local/openravenscar/sparc-ork-elf/lib/libm.a(w_log.o)
                0x0202765c                log
 .text          0x020277e0      0x60c /usr/local/openravenscar/sparc-ork-elf/lib/libm.a(w_pow.o)
                0x020277e0                pow
 .text          0x02027dec      0x118 /usr/local/openravenscar/sparc-ork-elf/lib/libm.a(w_sqrt.o)
                0x02027dec                sqrt
 .text          0x02027f04      0x3ac /usr/local/openravenscar/sparc-ork-elf/lib/libm.a(e_acos.o)
                0x02027f04                __ieee754_acos
 .text          0x020282b0      0x340 /usr/local/openravenscar/sparc-ork-elf/lib/libm.a(e_asin.o)
                0x020282b0                __ieee754_asin
 .text          0x020285f0      0x2f0 /usr/local/openravenscar/sparc-ork-elf/lib/libm.a(e_exp.o)
                0x020285f0                __ieee754_exp
 .text          0x020288e0      0x310 /usr/local/openravenscar/sparc-ork-elf/lib/libm.a(e_log.o)
                0x020288e0                __ieee754_log
 .text          0x02028bf0      0x99c /usr/local/openravenscar/sparc-ork-elf/lib/libm.a(e_pow.o)
                0x02028bf0                __ieee754_pow
 .text          0x0202958c      0x3d8 /usr/local/openravenscar/sparc-ork-elf/lib/libm.a(e_rem_pio2.o)
                0x0202958c                __ieee754_rem_pio2
 .text          0x02029964      0x264 /usr/local/openravenscar/sparc-ork-elf/lib/libm.a(e_sqrt.o)
                0x02029964                __ieee754_sqrt
 .text          0x02029bc8      0x17c /usr/local/openravenscar/sparc-ork-elf/lib/libm.a(k_cos.o)
                0x02029bc8                __kernel_cos
 .text          0x02029d44      0x838 /usr/local/openravenscar/sparc-ork-elf/lib/libm.a(k_rem_pio2.o)
                0x02029d44                __kernel_rem_pio2
 .text          0x0202a57c      0x11c /usr/local/openravenscar/sparc-ork-elf/lib/libm.a(k_sin.o)
                0x0202a57c                __kernel_sin
 .text          0x0202a698      0x2b4 /usr/local/openravenscar/sparc-ork-elf/lib/libm.a(k_tan.o)
                0x0202a698                __kernel_tan
 .text          0x0202a94c      0x40c /usr/local/openravenscar/sparc-ork-elf/lib/libm.a(s_expm1.o)
                0x0202a94c                expm1
 .text          0x0202ad58       0x18 /usr/local/openravenscar/sparc-ork-elf/lib/libm.a(s_finite.o)
                0x0202ad58                finite
 .text          0x0202ad70      0x1a0 /usr/local/openravenscar/sparc-ork-elf/lib/libm.a(s_floor.o)
                0x0202ad70                floor
 .text          0x0202af10       0x28 /usr/local/openravenscar/sparc-ork-elf/lib/libm.a(s_isnan.o)
                0x0202af10                isnan
 .text          0x0202af38        0x8 /usr/local/openravenscar/sparc-ork-elf/lib/libm.a(s_matherr.o)
                0x0202af38                matherr
 .text          0x0202af40      0x1c8 /usr/local/openravenscar/sparc-ork-elf/lib/libm.a(s_rint.o)
                0x0202af40                rint
 .text          0x0202b108      0x1d8 /usr/local/openravenscar/sparc-ork-elf/lib/libm.a(s_scalbn.o)
                0x0202b108                scalbn
 .text          0x0202b2e0       0x40 /usr/local/openravenscar/sparc-ork-elf/lib/libm.a(s_copysign.o)
                0x0202b2e0                copysign
 .text          0x0202b320        0x8 /usr/local/openravenscar/lib/gcc-lib/sparc-ork-elf/2.8.1/libgcc.a(__dummy.o)
                0x0202b320                __dummy
 .text          0x0202b328       0x48 /usr/local/openravenscar/lib/gcc-lib/sparc-ork-elf/2.8.1/libgcc.a(_ashldi3.o)
                0x0202b328                __ashldi3
 .text          0x0202b370       0x38 /usr/local/openravenscar/lib/gcc-lib/sparc-ork-elf/2.8.1/libgcc.a(_cmpdi2.o)
                0x0202b370                __cmpdi2
 .text          0x0202b3a8      0x3c0 /usr/local/openravenscar/lib/gcc-lib/sparc-ork-elf/2.8.1/libgcc.a(_divdi3.o)
                0x0202b3a8                __divdi3
 .text          0x0202b768      0x1f4 /usr/local/openravenscar/lib/gcc-lib/sparc-ork-elf/2.8.1/libgcc.a(_divsi3.o)
                0x0202b768                udiv
                0x0202b774                div
 .text          0x0202b95c       0x5c /usr/local/openravenscar/lib/gcc-lib/sparc-ork-elf/2.8.1/libgcc.a(_fixdfdi.o)
                0x0202b95c                __fixdfdi
 .text          0x0202b9b8       0x58 /usr/local/openravenscar/lib/gcc-lib/sparc-ork-elf/2.8.1/libgcc.a(_fixsfdi.o)
                0x0202b9b8                __fixsfdi
 .text          0x0202ba10      0x1c0 /usr/local/openravenscar/lib/gcc-lib/sparc-ork-elf/2.8.1/libgcc.a(_fixunsdfdi.o)
                0x0202ba10                __fixunsdfdi
 .text          0x0202bbd0      0x1c8 /usr/local/openravenscar/lib/gcc-lib/sparc-ork-elf/2.8.1/libgcc.a(_fixunssfdi.o)
                0x0202bbd0                __fixunssfdi
 .text          0x0202bd98       0x54 /usr/local/openravenscar/lib/gcc-lib/sparc-ork-elf/2.8.1/libgcc.a(_floatdidf.o)
                0x0202bd98                __floatdidf
 .text          0x0202bdec       0xa8 /usr/local/openravenscar/lib/gcc-lib/sparc-ork-elf/2.8.1/libgcc.a(_floatdisf.o)
                0x0202bdec                __floatdisf
 .text          0x0202be94       0x48 /usr/local/openravenscar/lib/gcc-lib/sparc-ork-elf/2.8.1/libgcc.a(_lshrdi3.o)
                0x0202be94                __lshrdi3
 .text          0x0202bedc      0x1f4 /usr/local/openravenscar/lib/gcc-lib/sparc-ork-elf/2.8.1/libgcc.a(_modsi3.o)
                0x0202bedc                urem
                0x0202bee8                rem
 .text          0x0202c0d0       0xe0 /usr/local/openravenscar/lib/gcc-lib/sparc-ork-elf/2.8.1/libgcc.a(_muldi3.o)
                0x0202c0d0                __muldi3
 .text          0x0202c1b0       0xe8 /usr/local/openravenscar/lib/gcc-lib/sparc-ork-elf/2.8.1/libgcc.a(_mulsi3.o)
                0x0202c1b0                umul
 .text          0x0202c298      0x340 /usr/local/openravenscar/lib/gcc-lib/sparc-ork-elf/2.8.1/libgcc.a(_udivdi3.o)
                0x0202c298                __udivdi3
 .text          0x0202c5d8      0x39c /usr/local/openravenscar/lib/gcc-lib/sparc-ork-elf/2.8.1/libgcc.a(_umoddi3.o)
                0x0202c5d8                __umoddi3
 .text          0x0202c974      0xa48 /usr/local/openravenscar/lib/gcc-lib/sparc-ork-elf/2.8.1/libgcc.a(frame.o)
                0x0202d298                __frame_state_for
                0x0202d230                __deregister_frame_info
                0x0202d208                __register_frame_info_table
                0x0202d1e0                __register_frame_info
 .text          0x0202d3bc       0x20 /usr/local/openravenscar/sparc-ork-elf/lib/libc.a(abort.o)
                0x0202d3bc                abort
 .text          0x0202d3dc       0x1c /usr/local/openravenscar/sparc-ork-elf/lib/libc.a(atoi.o)
                0x0202d3dc                atoi
 .text          0x0202d3f8       0x10 /usr/local/openravenscar/sparc-ork-elf/lib/libc.a(clearerr.o)
                0x0202d3f8                clearerr
 .text          0x0202d408        0xc /usr/local/openravenscar/sparc-ork-elf/lib/libc.a(errno.o)
                0x0202d408                __errno
 .text          0x0202d414       0x8c /usr/local/openravenscar/sparc-ork-elf/lib/libc.a(exit.o)
                0x0202d414                exit
 .text          0x0202d4a0      0x110 /usr/local/openravenscar/sparc-ork-elf/lib/libc.a(fclose.o)
                0x0202d4a0                fclose
 .text          0x0202d5b0       0xf0 /usr/local/openravenscar/sparc-ork-elf/lib/libc.a(fflush.o)
                0x0202d5b0                fflush
 .text          0x0202d6a0       0x44 /usr/local/openravenscar/sparc-ork-elf/lib/libc.a(fgetc.o)
                0x0202d6a0                fgetc
 .text          0x0202d6e4       0x48 /usr/local/openravenscar/sparc-ork-elf/lib/libc.a(fileno.o)
                0x0202d6e4                fileno
 .text          0x0202d72c      0x228 /usr/local/openravenscar/sparc-ork-elf/lib/libc.a(findfp.o)
                0x0202d8e4                __sinit
                0x0202d788                __sfmoreglue
                0x0202d8cc                _cleanup
                0x0202d8b0                _cleanup_r
                0x0202d7e0                __sfp
 .text          0x0202d954       0xd8 /usr/local/openravenscar/sparc-ork-elf/lib/libc.a(fopen.o)
                0x0202da0c                fopen
                0x0202d954                _fopen_r
 .text          0x0202da2c       0x90 /usr/local/openravenscar/sparc-ork-elf/lib/libc.a(fputc.o)
                0x0202da2c                fputc
 .text          0x0202dabc       0xcc /usr/local/openravenscar/sparc-ork-elf/lib/libc.a(fread.o)