Archive member included       because of file (symbol)

/usr/local/openravenscar/lib/gcc-lib/sparc-ork-elf/2.8.1/adalib/libgnarl.a(a-reatim.o)
                              ./devicesfss_v1.o (ada__real_time__clock)
/usr/local/openravenscar/lib/gcc-lib/sparc-ork-elf/2.8.1/adalib/libgnarl.a(a-retide.o)
                              ./control_visualizacion_aeronave.o (ada__real_time__delays__delay_until)
/usr/local/openravenscar/lib/gcc-lib/sparc-ork-elf/2.8.1/adalib/libgnarl.a(s-taprob.o)
                              ./datos_aeronave.o (system__tasking__protected_objects__initialize_protection)
/usr/local/openravenscar/lib/gcc-lib/sparc-ork-elf/2.8.1/adalib/libgnarl.a(s-taprop.o)
                              /usr/local/openravenscar/lib/gcc-lib/sparc-ork-elf/2.8.1/adalib/libgnarl.a(a-retide.o) (system__task_primitives__operations__self)
/usr/local/openravenscar/lib/gcc-lib/sparc-ork-elf/2.8.1/adalib/libgnarl.a(s-tarest.o)
                              ./control_visualizacion_aeronave.o (system__tasking__restricted__stages__create_restricted_task)
/usr/local/openravenscar/lib/gcc-lib/sparc-ork-elf/2.8.1/adalib/libgnarl.a(s-tasdeb.o)
                              b~main.o (system__tasking__debug___elabs)
/usr/local/openravenscar/lib/gcc-lib/sparc-ork-elf/2.8.1/adalib/libgnarl.a(s-taskin.o)
                              /usr/local/openravenscar/lib/gcc-lib/sparc-ork-elf/2.8.1/adalib/libgnarl.a(s-tasdeb.o) (system__tasking__task_statesT)
/usr/local/openravenscar/lib/gcc-lib/sparc-ork-elf/2.8.1/adalib/libgnarl.a(s-taspri.o)
                              /usr/local/openravenscar/lib/gcc-lib/sparc-ork-elf/2.8.1/adalib/libgnarl.a(s-taskin.o) (system__task_primitives___init_proc)
/usr/local/openravenscar/lib/gcc-lib/sparc-ork-elf/2.8.1/adalib/libgnarl.a(kernel-interrupts.o)
                              b~main.o (kernel__interrupts___elabb)
/usr/local/openravenscar/lib/gcc-lib/sparc-ork-elf/2.8.1/adalib/libgnarl.a(kernel-threads.o)
                              b~main.o (kernel__threads___elabs)
/usr/local/openravenscar/lib/gcc-lib/sparc-ork-elf/2.8.1/adalib/libgnarl.a(kernel-threads-atcb.o)
                              /usr/local/openravenscar/lib/gcc-lib/sparc-ork-elf/2.8.1/adalib/libgnarl.a(s-taprop.o) (kernel__threads__atcb__set_atcb)
/usr/local/openravenscar/lib/gcc-lib/sparc-ork-elf/2.8.1/adalib/libgnarl.a(kernel-threads-queues.o)
                              /usr/local/openravenscar/lib/gcc-lib/sparc-ork-elf/2.8.1/adalib/libgnarl.a(s-taprop.o) (running_thread)
/usr/local/openravenscar/lib/gcc-lib/sparc-ork-elf/2.8.1/adalib/libgnarl.a(kernel-threads-protection.o)
                              /usr/local/openravenscar/lib/gcc-lib/sparc-ork-elf/2.8.1/adalib/libgnarl.a(kernel-threads.o) (kernel__threads__protection__dispatch)
/usr/local/openravenscar/lib/gcc-lib/sparc-ork-elf/2.8.1/adalib/libgnarl.a(kernel-time.o)
                              /usr/local/openravenscar/lib/gcc-lib/sparc-ork-elf/2.8.1/adalib/libgnarl.a(s-taprop.o) (kernel_clock)
/usr/local/openravenscar/lib/gcc-lib/sparc-ork-elf/2.8.1/adalib/libgnarl.a(kernel-memory.o)
                              /usr/local/openravenscar/sparc-ork-elf/lib/ada_crt0.o (environment_stack)
/usr/local/openravenscar/lib/gcc-lib/sparc-ork-elf/2.8.1/adalib/libgnarl.a(kernel-cpu_primitives.o)
                              /usr/local/openravenscar/lib/gcc-lib/sparc-ork-elf/2.8.1/adalib/libgnarl.a(kernel-threads-protection.o) (kernel__cpu_primitives__context_switch)
/usr/local/openravenscar/lib/gcc-lib/sparc-ork-elf/2.8.1/adalib/libgnarl.a(kernel-peripherals-registers.o)
                              b~main.o (kernel__peripherals__registers___elabs)
/usr/local/openravenscar/lib/gcc-lib/sparc-ork-elf/2.8.1/adalib/libgnarl.a(kernel-peripherals.o)
                              /usr/local/openravenscar/lib/gcc-lib/sparc-ork-elf/2.8.1/adalib/libgnarl.a(kernel-interrupts.o) (kernel__peripherals__to_vector)
/usr/local/openravenscar/lib/gcc-lib/sparc-ork-elf/2.8.1/adalib/libgnarl.a(kernel-serial_output.o)
                              ./devicesfss_v1.o (kernel__serial_output__put__2)
/usr/local/openravenscar/lib/gcc-lib/sparc-ork-elf/2.8.1/adalib/libgnarl.a(context.o)
                              /usr/local/openravenscar/sparc-ork-elf/lib/ada_crt0.o (context_trap)
/usr/local/openravenscar/lib/gcc-lib/sparc-ork-elf/2.8.1/adalib/libgnarl.a(install_handler.o)
                              /usr/local/openravenscar/sparc-ork-elf/lib/ada_crt0.o (FP_Save_Pending)
/usr/local/openravenscar/lib/gcc-lib/sparc-ork-elf/2.8.1/adalib/libgnarl.a(int_level.o)
                              /usr/local/openravenscar/lib/gcc-lib/sparc-ork-elf/2.8.1/adalib/libgnarl.a(kernel-threads-protection.o) (disable_interrupts)
/usr/local/openravenscar/lib/gcc-lib/sparc-ork-elf/2.8.1/adalib/libgnat.a(a-except.o)
                              b~main.o (ada__exceptions___elabs)
/usr/local/openravenscar/lib/gcc-lib/sparc-ork-elf/2.8.1/adalib/libgnat.a(a-filico.o)
[...]
Memory Configuration

Name             Origin             Length             Attributes
rom              0x00000000         0x00200000         xr
ram              0x02000000         0x003f8000         xrw
*default*        0x00000000         0xffffffff

Linker script and memory map

                0x00200000                PROM_SIZE=0x200000
                0x00400000                RAM_SIZE=0x400000
                0x00000000                PROM_START=0x0
                0x00200000                PROM_END=(PROM_START+PROM_SIZE)
                0x02000000                RAM_START=0x2000000
                0x02400000                RAM_END=(RAM_START+RAM_SIZE)

.text           0x02000000    0x3ab80
 CREATE_OBJECT_SYMBOLS
                0x02000000                text_start=.
 *(.text)
 .text          0x02000000     0x1384 /usr/local/openravenscar/sparc-ork-elf/lib/ada_crt0.o
                0x020011bc                __exit
                0x02000000                trap_table
                0x02000000                start
                0x020011bc                _exit
 .text          0x02001384      0x2d4 b~main.o
                0x02001640                ada_main___elabb
                0x02001384                adainit
                0x020015c0                main
                0x020015a4                adafinal
 .text          0x02001658       0x1c ./main.o
                0x02001658                _ada_main
 .text          0x02001674     0x22d4 ./datos_aeronave.o
                0x02001674                datos_aeronave___init_proc
                0x02002a40                datos_aeronave__aeronavePT__actualizar_potenciaP
                0x02001850                datos_aeronave__aeronavePT__leer_velocidadN
                0x02001900                datos_aeronave__aeronavePT__leer_pitchN
                0x02001f7c                datos_aeronave__aeronavePT__actualizar_light_intensityN
                0x02002018                datos_aeronave__aeronavePT__actualizar_pilotpresenceN
                0x02002188                datos_aeronave__aeronavePT__actualizar_distanceP
                0x020020b4                datos_aeronave__aeronavePT__actualizar_distanceN
                0x02001da8                datos_aeronave__aeronavePT__actualizar_velocidadN
                0x02003038                datos_aeronave__aeronavePT__leer_light_intensityP
                0x02001e44                datos_aeronave__aeronavePT__actualizar_pitchN
                0x02001b10                datos_aeronave__aeronavePT__leer_pilotpresenceN
                0x020031c0                datos_aeronave__aeronavePT__leer_rollP
                0x02002d28                datos_aeronave__aeronavePT__leer_distanceP
                0x02002470                datos_aeronave__aeronavePT__actualizar_light_intensityP
                0x020028cc                datos_aeronave__aeronavePT__actualizar_velocidadP
                0x020016d4                datos_aeronave___elabs
                0x02001d0c                datos_aeronave__aeronavePT__actualizar_potenciaN
                0x02003658                datos_aeronave__aeronavePT__leer_potenciaP
                0x02001a60                datos_aeronave__aeronavePT__leer_light_intensityN
                0x02002758                datos_aeronave__aeronavePT__actualizar_pitchP
                0x020022fc                datos_aeronave__aeronavePT__actualizar_pilotpresenceP
                0x02002eb0                datos_aeronave__aeronavePT__leer_pilotpresenceP
                0x020034d0                datos_aeronave__aeronavePT__leer_velocidadP
                0x020025e4                datos_aeronave__aeronavePT__actualizar_rollP
                0x02001c70                datos_aeronave__aeronavePT__actualizar_altitudN
                0x02003930                datos_aeronave___elabb
                0x02002bb4                datos_aeronave__aeronavePT__actualizar_altitudP
                0x02001bc0                datos_aeronave__aeronavePT__leer_distanceN
                0x02003348                datos_aeronave__aeronavePT__leer_pitchP
                0x020017a0                datos_aeronave__aeronavePT__leer_potenciaN
                0x020016f0                datos_aeronave__aeronavePT__leer_altitudN
                0x020037e0                datos_aeronave__aeronavePT__leer_altitudP
                0x020019b0                datos_aeronave__aeronavePT__leer_rollN
                0x02001ee0                datos_aeronave__aeronavePT__actualizar_rollN
 .text          0x02003948      0xfc8 ./datos_posalt_vel.o
                0x0200419c                datos_posalt_vel__datos_vueloPT__actualizar_altitudP
                0x02003eb4                datos_posalt_vel__datos_vueloPT__actualizar_pitchP
                0x02003948                datos_posalt_vel___init_proc
                0x0200399c                datos_posalt_vel___elabs
                0x02003aa0                datos_posalt_vel__datos_vueloPT__leer_pitchN
                0x02003be8                datos_posalt_vel__datos_vueloPT__actualizar_velocidadN
                0x02004620                datos_posalt_vel__datos_vueloPT__leer_altitudP
                0x02003a2c                datos_posalt_vel__datos_vueloPT__leer_altitudN
                0x02004028                datos_posalt_vel__datos_vueloPT__actualizar_velocidadP
                0x02003c48                datos_posalt_vel__datos_vueloPT__actualizar_pitchN
                0x02003d40                datos_posalt_vel__datos_vueloPT__actualizar_rollP
                0x020047a8                datos_posalt_vel__datos_vueloPT__leer_velocidadP
                0x02004310                datos_posalt_vel__datos_vueloPT__leer_rollP
                0x02003b88                datos_posalt_vel__datos_vueloPT__actualizar_altitudN
                0x02004498                datos_posalt_vel__datos_vueloPT__leer_pitchP
                0x02003b14                datos_posalt_vel__datos_vueloPT__leer_rollN
                0x020048f8                datos_posalt_vel___elabb
                0x02003ca8                datos_posalt_vel__datos_vueloPT__actualizar_rollN
                0x020039b8                datos_posalt_vel__datos_vueloPT__leer_velocidadN
 .text          0x02004910      0x118 ./scenario_v1.o
                0x02004910                scenario_v1___elabs
 .text          0x02004a28     0x4aa8 ./devicesfss_v1.o
                0x020066ec                devicesfss_v1___init_proc__6
                0x02007ad0                devicesfss_v1___init_proc__9
                0x0200505c                devicesfss_v1__read_light_intensity
                0x02008910                devicesfss_v1__display_altitude
                0x02006740                devicesfss_v1__read_pilotbutton
                0x020090a8                devicesfss_v1__display_cronometro
                0x02005b78                devicesfss_v1___init_proc__4
                0x02008ce4                devicesfss_v1__display_joystick
                0x02008500                devicesfss_v1__light_1
                0x02007370                devicesfss_v1__read_altitude
                0x02008a28                devicesfss_v1__display_distance
                0x02007b10                devicesfss_v1__read_pitch
                0x020055d0                devicesfss_v1___init_proc__3
                0x02007328                devicesfss_v1___init_proc__8
                0x02008f98                devicesfss_v1__display_message
                0x02004a88                devicesfss_v1__read_distance
                0x02008bcc                devicesfss_v1__display_light_intensity
                0x02008c58                devicesfss_v1__display_pilot_power
                0x02005bd8                devicesfss_v1__read_power
                0x02006ccc                devicesfss_v1__read_speed
                0x02008b40                devicesfss_v1__display_roll
                0x02008eb0                devicesfss_v1__display_pilot_button
                0x02008108                devicesfss_v1__read_roll
                0x02009418                devicesfss_v1___elabb
                0x02006c8c                devicesfss_v1___init_proc__7
                0x02004ffc                devicesfss_v1___init_proc__2
                0x020085b0                devicesfss_v1__light_2
                0x020061a0                devicesfss_v1__read_pilotpresence
                0x02007b38                devicesfss_v1__set_aircraft_pitch
                0x0200899c                devicesfss_v1__display_speed
                0x02008130                devicesfss_v1__set_aircraft_roll
                0x02005630                devicesfss_v1__read_joystick
                0x02008690                devicesfss_v1__alarm
                0x02008dc8                devicesfss_v1__display_pilot_presence
                0x02006cf4                devicesfss_v1__set_speed
                0x02008ab4                devicesfss_v1__display_pitch
                0x0200614c                devicesfss_v1___init_proc__5
                0x020080c8                devicesfss_v1___init_proc__10
                0x02004a28                devicesfss_v1___init_proc
 .text          0x020094d0      0x9a8 ./workload.o
                0x020094d0                workload___elabs
                0x020098d0                workload__small_whetstone
                0x02009e60                workload___elabb
 .text          0x02009e78      0xd08 ./tools.o
                0x0200ab50                tools___elabb
                0x0200aadc                tools__execution_time
                0x0200aa34                tools__finish_activity
                0x0200a8e4                tools__print_a_string
                0x0200a164                tools__print_chrono
                0x0200a98c                tools__start_activity
                0x02009e78                tools___elabs
                0x0200a58c                tools__print_an_integer
                0x0200a744                tools__print_a_float
                0x02009ec4                tools__current_time
 .text          0x0200ab80      0x448 ./control_visualizacion_aeronave.o
                0x0200abfc                control_visualizacion_aeronave___elabs
                0x0200acc8                control_visualizacion_aeronave__visualizar_datosTKB
                0x0200af94                control_visualizacion_aeronave___elabb
                0x0200ab80                control_visualizacion_aeronave___init_proc
 .text          0x0200afc8      0xf18 ./control_detector_obstaculos.o
                0x0200b084                control_detector_obstaculos___elabs
                0x0200afc8                control_detector_obstaculos___init_proc
                0x0200b1a8                control_detector_obstaculos__desvio_controlPT__reset_desvioN
                0x0200b380                control_detector_obstaculos__desvio_controlPT__is_desvio_activeP
                0x0200b128                control_detector_obstaculos__desvio_controlPT__activate_desvioN
                0x0200b160                control_detector_obstaculos__desvio_controlPT__is_desvio_activeN
                0x0200b50c                control_detector_obstaculos__desvio_controlPT__activate_desvioP
                0x0200beac                control_detector_obstaculos___elabb
                0x0200b008                control_detector_obstaculos___init_proc__2
                0x0200b214                control_detector_obstaculos__desvio_controlPT__reset_desvioP
                0x0200b660                control_detector_obstaculos__control_obstaculosTKB
 .text          0x0200bee0      0x704 ./control_posicion_altitud.o
                0x0200c010                control_posicion_altitud__posicion_altitudTKB
                0x0200bf5c                control_posicion_altitud___elabs
                0x0200bee0                control_posicion_altitud___init_proc
                0x0200c5b0                control_posicion_altitud___elabb
 .text          0x0200c5e4      0x7f0 ./control_velocidad_aeronave.o
                0x0200c660                control_velocidad_aeronave___elabs
                0x0200c728                control_velocidad_aeronave__control_velocidadTKB
                0x0200cda0                control_velocidad_aeronave___elabb
                0x0200c5e4                control_velocidad_aeronave___init_proc
 .text          0x0200cdd4       0xa4 ./fss.o
                0x0200cdd4                fss__background
                0x0200ce10                fss___elabb
 .text          0x0200ce78      0x5e4 /usr/local/openravenscar/lib/gcc-lib/sparc-ork-elf/2.8.1/adalib/libgnarl.a(a-reatim.o)
                0x0200cea4                ada__real_time__Oadd__2
                0x0200d078                ada__real_time__split
                0x0200ce94                ada__real_time__Oadd
                0x0200cef4                ada__real_time__Osubtract__4
                0x0200cff8                ada__real_time__nanoseconds
                0x0200cf64                ada__real_time__Odivide__2
                0x0200cf20                ada__real_time__Odivide
                0x0200ced4                ada__real_time__Osubtract__2
                0x0200cfe8                ada__real_time__to_duration
                0x0200d390                ada__real_time__time_of
                0x0200ceb4                ada__real_time__Oadd__3
                0x0200d048                ada__real_time__milliseconds
                0x0200ce78                ada__real_time__clock
                0x0200d01c                ada__real_time__microseconds
                0x0200cec4                ada__real_time__Osubtract
                0x0200cee4                ada__real_time__Osubtract__3
                0x0200cff0                ada__real_time__to_time_span
                0x0200cfbc                ada__real_time__Omultiply__2
                0x0200cf90                ada__real_time__Omultiply
 .text          0x0200d45c       0x68 /usr/local/openravenscar/lib/gcc-lib/sparc-ork-elf/2.8.1/adalib/libgnarl.a(a-retide.o)
                0x0200d4a0                ada__real_time__delays__to_duration
                0x0200d45c                ada__real_time__delays__delay_until
 .text          0x0200d4c4      0x10c /usr/local/openravenscar/lib/gcc-lib/sparc-ork-elf/2.8.1/adalib/libgnarl.a(s-taprob.o)
                0x0200d5b0                system__tasking__protected_objects___init_proc
                0x0200d580                system__tasking__protected_objects__unlock
                0x0200d4f0                system__tasking__protected_objects__lock
                0x0200d5bc                system__tasking__protected_objects___init_proc__2
                0x0200d4c4                system__tasking__protected_objects__initialize_protection
                0x0200d538                system__tasking__protected_objects__lock_read_only
                0x0200d598                system__tasking__protected_objects__finalize_protection
 .text          0x0200d5d0      0x978 /usr/local/openravenscar/lib/gcc-lib/sparc-ork-elf/2.8.1/adalib/libgnarl.a(s-taprop.o)
                0x0200d850                system__task_primitives__operations__get_priority
                0x0200d6c8                system__task_primitives__operations__unlock__2
                0x0200da28                system__task_primitives__operations__check_no_locks
                0x0200d64c                system__task_primitives__operations__write_lock
                0x0200da88                system__task_primitives__operations__resume_task
                0x0200db08                system__task_primitives__operations___elabb
                0x0200d794                system__task_primitives__operations__clock
                0x0200d668                system__task_primitives__operations__write_lock__2
                0x0200d608                system__task_primitives__operations__get_thread_id
                0x0200d71c                system__task_primitives__operations__timed_delay
                0x0200d830                system__task_primitives__operations__set_priority
                0x0200d6f8                system__task_primitives__operations__timed_sleep
                0x0200d5ec                system__task_primitives__operations__self
                0x0200d6e0                system__task_primitives__operations__sleep
                0x0200da0c                system__task_primitives__operations__set_exit_task_procedure
                0x0200d6b4                system__task_primitives__operations__unlock
                0x0200da40                system__task_primitives__operations__environment_task
                0x0200d614                system__task_primitives__operations__initialize_lock
                0x0200dd3c                system__task_primitives__operations___init_proc
                0x0200d9f0                system__task_primitives__operations__exit_task
                0x0200d7b8                system__task_primitives__operations__wakeup
                0x0200d5d0                system__task_primitives__operations__set
                0x0200da18                system__task_primitives__operations__abort_task
                0x0200da4c                system__task_primitives__operations__lock_all_tasks_list
                0x0200d680                system__task_primitives__operations__write_lock__3
                0x0200d9e0                system__task_primitives__operations__finalize_tcb
                0x0200d8cc                system__task_primitives__operations__new_atcb
                0x0200da80                system__task_primitives__operations__suspend_task
                0x0200d7cc                system__task_primitives__operations__yield
                0x0200da68                system__task_primitives__operations__unlock_all_tasks_list
                0x0200da90                system__task_primitives__operations__initialize
                0x0200da20                system__task_primitives__operations__check_exit
                0x0200d944                system__task_primitives__operations__initialize_tcb
                0x0200d600                system__task_primitives__operations__stack_guard
                0x0200d644                system__task_primitives__operations__finalize_lock
                0x0200d9e8                system__task_primitives__operations__default_exit_task_procedure
                0x0200d980                system__task_primitives__operations__create_task
                0x0200d62c                system__task_primitives__operations__initialize_lock__2
                0x0200d698                system__task_primitives__operations__read_lock
                0x0200d868                system__task_primitives__operations__enter_task
 .text          0x0200df48      0x924 /usr/local/openravenscar/lib/gcc-lib/sparc-ork-elf/2.8.1/adalib/libgnarl.a(s-tarest.o)
                0x0200e1bc                system__tasking__restricted__stages__create_restricted_task
                0x0200e6bc                system__tasking__restricted__stages__restricted_terminated
                0x0200e3cc                system__tasking__restricted__stages__activate_restricted_tasks
                0x0200e58c                system__tasking__restricted__stages__complete_restricted_activation
                0x0200e6d0                system__tasking__restricted__stages__finalize_global_tasks
                0x0200e724                system__tasking__restricted__stages___elabb
                0x0200e65c                system__tasking__restricted__stages__complete_restricted_task
 .text          0x0200e86c      0xf44 /usr/local/openravenscar/lib/gcc-lib/sparc-ork-elf/2.8.1/adalib/libgnarl.a(s-tasdeb.o)
                0x0200f4e4                system__tasking__debug__image
                0x0200f788                system__tasking__debug___init_proc__2
                0x0200f1c0                system__tasking__debug__print_current_task
                0x0200f434                system__tasking__debug__trace__2
                0x0200e86c                system__tasking__debug___elabs
                0x0200f1dc                system__tasking__debug__list_tasks
                0x0200f68c                system__tasking__debug__resume_all_tasks
                0x0200e8e4                system__tasking__debug__set_user_state
                0x0200f00c                system__tasking__debug__print_task_info_header
                0x0200f748                system__tasking__debug___init_proc
                0x0200e8d0                system__tasking__debug__self
                0x0200f6c4                system__tasking__debug___elabb
                0x0200f21c                system__tasking__debug__print_accept_info
                0x0200f4d0                system__tasking__debug__set_trace
                0x0200f2e0                system__tasking__debug__trace
                0x0200f468                system__tasking__debug__trace__3
                0x0200f49c                system__tasking__debug__trace__4
                0x0200ebcc                system__tasking__debug__print_task_info
                0x0200e8c8                system__tasking__debug__task_termination_hook
                0x0200e8c0                system__tasking__debug__task_creation_hook
                0x0200f654                system__tasking__debug__suspend_all_tasks
 .text          0x0200f7b0      0x75c /usr/local/openravenscar/lib/gcc-lib/sparc-ork-elf/2.8.1/adalib/libgnarl.a(s-taskin.o)
                0x0200fbc4                system__tasking___init_proc__3
                0x0200fe6c                system__tasking___init_proc__8
                0x0200fe2c                system__tasking___init_proc__7
                0x0200f7b0                system__tasking__self
                0x0200fb8c                system__tasking___init_proc__2
                0x0200f8ec                system__tasking___elabb
                0x0200fc40                system__tasking___init_proc__4
                0x0200fe78                system__tasking___init_proc__9
                0x0200fb38                system__tasking___init_proc
                0x0200fc94                system__tasking___init_proc__6
                0x0200f7c4                system__tasking__initialize_atcb
                0x0200fc4c                system__tasking___init_proc__5
 .text          0x0200ff0c       0x14 /usr/local/openravenscar/lib/gcc-lib/sparc-ork-elf/2.8.1/adalib/libgnarl.a(s-taspri.o)
                0x0200ff0c                system__task_primitives___init_proc
 .text          0x0200ff20      0x1f0 /usr/local/openravenscar/lib/gcc-lib/sparc-ork-elf/2.8.1/adalib/libgnarl.a(kernel-interrupts.o)
                0x0200ffe8                kernel_detach_interrupt_handler
                0x02010030                kernel__interrupts___elabb
                0x0200ff20                kernel__interrupts__null_handler
                0x0200ff28                kernel__interrupts__wrapper
                0x02010010                kernel_current_interrupt_handler
                0x0200ff88                kernel_attach_interrupt_handler
                0x020100b4                kernel__interrupts___init_proc__2
                0x0201009c                kernel__interrupts___init_proc
 .text          0x02010110      0x5dc /usr/local/openravenscar/lib/gcc-lib/sparc-ork-elf/2.8.1/adalib/libgnarl.a(kernel-threads.o)
                0x02010110                kernel__threads___elabs
                0x020106b0                kernel__threads___init_proc__3
                0x02010380                kernel_yield
                0x02010480                kernel_check_no_mutexes
                0x02010490                kernel_condition_init
                0x020102e0                kernel__threads__set_active_priority
                0x02010294                kernel_set_priority
                0x02010554                kernel_condition_signal
                0x020105b4                kernel_thread_create
                0x0201019c                kernel__threads__default_dummy_task_function
                0x0201067c                kernel_thread_self
                0x0201014c                kernel__threads__thread_caller
                0x02010498                kernel_condition_wait
                0x020101ac                kernel_initialize
                0x02010420                kernel_mutex_unlock
                0x020103c8                kernel_mutex_lock
                0x020103bc                kernel_mutex_init
                0x0201068c                kernel__threads___elabb
                0x0201069c                kernel__threads___init_proc
                0x020106a8                kernel__threads___init_proc__2
                0x02010364                kernel_get_priority
 .text          0x020106ec       0x28 /usr/local/openravenscar/lib/gcc-lib/sparc-ork-elf/2.8.1/adalib/libgnarl.a(kernel-threads-atcb.o)
                0x02010704                kernel__threads__atcb___elabb
                0x020106f4                kernel__threads__atcb__thread_self_atcb
                0x020106ec                kernel__threads__atcb__set_atcb
 .text          0x02010714      0x478 /usr/local/openravenscar/lib/gcc-lib/sparc-ork-elf/2.8.1/adalib/libgnarl.a(kernel-threads-queues.o)
                0x0201092c                kernel__threads__queues__insert_alarm
                0x020107d0                kernel__threads__queues__insert_at_tail
                0x0201072c                kernel__threads__queues__insert_at_head
                0x020109f8                kernel__threads__queues__extract_first_alarm
                0x020108e0                kernel__threads__queues__get_new_thread_descriptor
                0x02010afc                kernel__threads__queues___init_proc
                0x02010874                kernel__threads__queues__extract_from_ready
                0x02010a24                kernel__threads__queues__get_next_alarm_time
                0x02010a58                kernel__threads__queues___elabb
                0x020108bc                kernel__threads__queues__next_running
                0x02010720                kernel__threads__queues__environment_thread_id
                0x02010714                kernel__threads__queues__dummy_thread_id
 .text          0x02010b8c      0x108 /usr/local/openravenscar/lib/gcc-lib/sparc-ork-elf/2.8.1/adalib/libgnarl.a(kernel-threads-protection.o)
                0x02010bb0                kernel__threads__protection__leave_kernel
                0x02010b8c                kernel__threads__protection__dispatch
                0x02010c84                kernel__threads__protection___elabb
                0x02010b9c                kernel__threads__protection__enter_kernel
 .text          0x02010c94      0x3c4 /usr/local/openravenscar/lib/gcc-lib/sparc-ork-elf/2.8.1/adalib/libgnarl.a(kernel-time.o)
                0x02010d4c                kernel_delay_until
                0x02010c94                kernel_clock
                0x02011018                kernel__time___elabb
 .text          0x02011058       0x9c /usr/local/openravenscar/lib/gcc-lib/sparc-ork-elf/2.8.1/adalib/libgnarl.a(kernel-memory.o)
                0x020110b4                kernel__memory___elabb
                0x02011060                kernel_new_stack
                0x02011058                kernel_new_memory_region
 .text          0x020110f4       0x88 /usr/local/openravenscar/lib/gcc-lib/sparc-ork-elf/2.8.1/adalib/libgnarl.a(kernel-cpu_primitives.o)
                0x020110f4                kernel__cpu_primitives__context_switch
                0x02011100                kernel__cpu_primitives__initialize_context
                0x0201116c                kernel__cpu_primitives___elabb
 .text          0x0201117c       0x44 /usr/local/openravenscar/lib/gcc-lib/sparc-ork-elf/2.8.1/adalib/libgnarl.a(kernel-peripherals-registers.o)
                0x0201117c                kernel__peripherals__registers___elabs
 .text          0x020111c0      0x6ac /usr/local/openravenscar/lib/gcc-lib/sparc-ork-elf/2.8.1/adalib/libgnarl.a(kernel-peripherals.o)
                0x020111d0                kernel__peripherals__stop_watch_dog
                0x020111c0                kernel__peripherals__to_vector
                0x020111ec                kernel__peripherals__init_clock
                0x020117b8                kernel__peripherals___elabb
                0x020112d0                kernel__peripherals__cancel_and_set_alarm
                0x020112ac                kernel__peripherals__init_board
                0x020112e4                kernel__peripherals__set_alarm
                0x02011458                kernel__peripherals__read_clock
                0x020114c8                kernel__peripherals__clear_alarm_interrupt
                0x020116f8                kernel__peripherals__uart_send
                0x020114d0                kernel__peripherals__clear_clock_interrupt
                0x0201160c                kernel__peripherals__init_uart
                0x020111e4                kernel__peripherals__memory_configuration
                0x020114d8                kernel__peripherals__protect_segment
                0x020111c8                kernel__peripherals__priority_of_interrupt
 .text          0x0201186c       0xe4 /usr/local/openravenscar/lib/gcc-lib/sparc-ork-elf/2.8.1/adalib/libgnarl.a(kernel-serial_output.o)
                0x020118c4                kernel_new_line
                0x020118d8                kernel_put_line_c
                0x02011884                kernel__serial_output__put__2
                0x0201186c                kernel_put_c
                0x020118f4                kernel__serial_output__put_line__2
                0x02011924                kernel__serial_output___elabb
 .text          0x02011950      0x2dc /usr/local/openravenscar/lib/gcc-lib/sparc-ork-elf/2.8.1/adalib/libgnarl.a(context.o)
                0x02011c24                exit_from_context_switch
                0x02011950                context_switch
                0x0201195c                context_trap
 .text          0x02011c2c      0x60c /usr/local/openravenscar/lib/gcc-lib/sparc-ork-elf/2.8.1/adalib/libgnarl.a(install_handler.o)
                0x02011ce4                set_next_running
                0x02011c2c                enable_traps
                0x02011c90                install_trap_handler
                0x02011c40                install_int_handler
 .text          0x02012238       0x34 /usr/local/openravenscar/lib/gcc-lib/sparc-ork-elf/2.8.1/adalib/libgnarl.a(int_level.o)
                0x02012238                disable_interrupts
                0x02012250                enable_interrupts
 .text          0x0201226c     0x25c0 /usr/local/openravenscar/lib/gcc-lib/sparc-ork-elf/2.8.1/adalib/libgnat.a(a-except.o)
                0x02013ad4                ada__exceptions__sdp_table_sort_move
                0x02013c34                ada__exceptions__string_to_eid
                0x020132f0                __gnat_raise_nodefer_with_msg
                0x0201249c                ada__exceptions__current_target_exception
                0x02013468                ada__exceptions__raise_from_signal_handler
                0x020122ec                ada__exceptions__address_image
                0x020136ec                ada__exceptions__save_occurrence
                0x020142d0                __gnat_notify_exception
                0x02012fb0                ada__exceptions__propagate_exception
                0x02012e24                ada__exceptions__exception_name_simple
                0x02013640                __gnat_reraise
                0x020133d0                __gnat_raise_exception
                0x0201226c                ada__exceptions___elabs
                0x020123f4                __gnat_break_start
                0x020123e0                ada__exceptions__allocate_machine_state
                0x020124c0                ada__exceptions__deallocate_machine_state
                0x02012774                ada__exceptions__exception_information
                0x020135a0                __gnat_raise_storage_error
                0x02012530                ada__exceptions__eo_to_string
                0x02013a38                ada__exceptions__sdp_table_sort_lt
                0x02014744                ada__exceptions__raise_exception_no_defer
                0x02012d30                ada__exceptions__exception_name__2
                0x020147ec                ada__exceptions__zzz
                0x020122dc                ada__exceptions__poll
                0x020135c0                ada__exceptions__raise_with_c_msg
                0x02014364                ada__exceptions__unhandled_exception_terminate
                0x020124d4                ada__exceptions__eid_to_string
                0x02013780                ada__exceptions__save_occurrence__2
                0x0201352c                ada__exceptions__raise_with_location
                0x02013504                ada__exceptions__raise_no_msg
                0x02012c6c                ada__exceptions__exception_message
                0x02013b04                ada__exceptions__set_exception_c_msg
                0x02013d5c                ada__exceptions__string_to_eo
                0x02013560                __gnat_raise_constraint_error
                0x02013678                ada__exceptions__reraise_occurrence
                0x020147f4                ada__exceptions___elabb
                0x0201481c                ada__exceptions___init_proc
                0x02012df4                ada__exceptions__exception_name
                0x020122e4                ada__exceptions__aaa
                0x020136c0                ada__exceptions__reraise_occurrence_no_defer
                0x02012590                ada__exceptions__exception_identity
                0x020137ac                __gnat_SDP_Table_Build
                0x020142c8                __gnat_unhandled_exception
                0x020123fc                ada__exceptions__call_chain
                0x020135f4                __gnat_raise_with_msg
                0x02013580                __gnat_raise_program_error
 .text          0x0201482c      0x2ec /usr/local/openravenscar/lib/gcc-lib/sparc-ork-elf/2.8.1/adalib/libgnat.a(a-filico.o)
                0x02014878                ada__finalization__list_controller___deep_finalize__2
                0x02014ae4                ada__finalization__list_controller___init_proc__2
                0x02014aa8                ada__finalization__list_controller__finalize
                0x02014868                ada__finalization__list_controller___size__2
                0x02014ac0                ada__finalization__list_controller___init_proc
                0x02014a74                ada__finalization__list_controller__finalize__2
                0x020148a4                ada__finalization__list_controller___elabs
                0x0201482c                ada__finalization__list_controller___size
                0x02014a5c                ada__finalization__list_controller__initialize__2
                0x0201483c                ada__finalization__list_controller___deep_finalize
 .text          0x02014b18      0x560 /usr/local/openravenscar/lib/gcc-lib/sparc-ork-elf/2.8.1/adalib/libgnat.a(a-finali.o)
                0x02014d78                ada__finalization___size__4
                0x02014ff8                ada__finalization__initialize
                0x02015010                ada__finalization__Oeq__2
                0x02015038                ada__finalization___init_proc
                0x02014b40                ada__finalization___write__3
                0x02015030                ada__finalization__finalize__2
                0x02014b18                ada__finalization___size__3
                0x02014b28                ada__finalization___read__3
                0x02015000                ada__finalization__adjust
                0x02015058                ada__finalization___init_proc__2
                0x02014db4                ada__finalization___elabs
                0x02015008                ada__finalization__finalize
                0x02014d24                ada__finalization___deep_adjust
                0x02015028                ada__finalization__initialize__2
                0x02014b58                ada__finalization___assign__3
                0x02014d4c                ada__finalization___deep_finalize
                0x02014d88                ada__finalization___deep_finalize__2
 .text          0x02015078       0x6c /usr/local/openravenscar/lib/gcc-lib/sparc-ork-elf/2.8.1/adalib/libgnat.a(a-ioexce.o)
                0x02015078                ada__io_exceptions___elabs
 .text          0x020150e4     0x1e98 /usr/local/openravenscar/lib/gcc-lib/sparc-ork-elf/2.8.1/adalib/libgnat.a(a-nuelfu.o)
                0x02016ba0                ada__numerics__elementary_functions__sinh
                0x02015a28                ada__numerics__elementary_functions__arcsin
                0x02015810                ada__numerics__elementary_functions__arccosh
                0x02015c54                ada__numerics__elementary_functions__arcsinh
                0x020150e4                ada__numerics__elementary_functions__Oexpon
                0x02015924                ada__numerics__elementary_functions__arccoth
                0x02015908                ada__numerics__elementary_functions__arccot__2
                0x02015afc                ada__numerics__elementary_functions__arcsin__2
                0x02015e84                ada__numerics__elementary_functions__arctan__2
                0x020156a4                ada__numerics__elementary_functions__arccos__2
                0x02016184                ada__numerics__elementary_functions__cos
                0x02016cac                ada__numerics__elementary_functions__sqrt
                0x02016db8                ada__numerics__elementary_functions__tan__2
                0x02016aa4                ada__numerics__elementary_functions__sin__2
                0x02016934                ada__numerics__elementary_functions__log__2
                0x02016388                ada__numerics__elementary_functions__cot__2
                0x02016ee8                ada__numerics__elementary_functions__tanh
                0x020164f0                ada__numerics__elementary_functions__coth
                0x02016878                ada__numerics__elementary_functions__log
                0x02016234                ada__numerics__elementary_functions__cosh
                0x020158f0                ada__numerics__elementary_functions__arccot
                0x02015d74                ada__numerics__elementary_functions__arctan
                0x02016a5c                ada__numerics__elementary_functions__sin
                0x020155a4                ada__numerics__elementary_functions__arccos
                0x020161f0                ada__numerics__elementary_functions__cos__2
                0x02016d30                ada__numerics__elementary_functions__tan
                0x020165e4                ada__numerics__elementary_functions__exp
                0x020162e0                ada__numerics__elementary_functions__cot
                0x02015ff8                ada__numerics__elementary_functions__arctanh
 .text          0x02016f7c       0x18 /usr/local/openravenscar/lib/gcc-lib/sparc-ork-elf/2.8.1/adalib/libgnat.a(a-numeri.o)
                0x02016f7c                ada__numerics___elabs
 .text          0x02016f94       0xc0 /usr/local/openravenscar/lib/gcc-lib/sparc-ork-elf/2.8.1/adalib/libgnat.a(a-stream.o)
                0x02016fac                ada__streams___elabs
                0x02016fa4                ada__streams___deep_finalize
                0x02016f94                ada__streams___size
                0x02017044                ada__streams___init_proc
 .text          0x02017054      0x934 /usr/local/openravenscar/lib/gcc-lib/sparc-ork-elf/2.8.1/adalib/libgnat.a(a-tags.o)
                0x020176bc                ada__tags__length
                0x02017928                ada__tags___init_proc
                0x020171c8                ada__tags__external_tag_htable__removeXn
                0x020177e0                ada__tags__get_rc_offset
                0x020178fc                ada__tags__set_remotely_callable
                0x020178c4                ada__tags__set_prim_op_address
                0x020178a4                ada__tags__register_tag
                0x02017844                ada__tags__inherit_tsd
                0x02017054                ada__tags___elabs
                0x020177bc                ada__tags__get_expanded_name
                0x020178d8                ada__tags__set_expanded_name
                0x020177ec                ada__tags__get_remotely_callable
                0x020173e4                ada__tags__expanded_name
                0x0201706c                ada__tags__external_tag_htable__getXn
                0x020177d4                ada__tags__get_inheritance_depth
                0x02017804                ada__tags__get_tsd
                0x020172c0                ada__tags__external_tag_htable__setXn
                0x0201777c                ada__tags__cw_membership
                0x0201780c                ada__tags__inherit_dt
                0x02017114                ada__tags__external_tag_htable__get_nextXn
                0x020174ec                ada__tags__get_external_tag
                0x02017510                ada__tags__internal_tag
                0x02017930                ada__tags___init_proc__2
                0x02017718                ada__tags___elabb
                0x020178d0                ada__tags__set_tsd
                0x020178e4                ada__tags__set_external_tag
                0x02017334                ada__tags__get_ht_link
                0x020176f0                ada__tags__parent_size
                0x020172fc                ada__tags__equal
                0x020170e0                ada__tags__external_tag_htable__get_firstXn
                0x020178b8                ada__tags__set_inheritance_depth
                0x02017468                ada__tags__external_tag
                0x02017150                ada__tags__external_tag_htable__get_non_nullXn
                0x020177c8                ada__tags__get_prim_op_address
                0x020178f0                ada__tags__set_rc_offset
                0x020173a0                ada__tags__hash
                0x02017280                ada__tags__external_tag_htable__resetXn
                0x020173d8                ada__tags__set_ht_link
                0x0201793c                ada__tags__external_tag_htable___init_procXn
 .text          0x02017988     0x227c /usr/local/openravenscar/lib/gcc-lib/sparc-ork-elf/2.8.1/adalib/libgnat.a(a-textio.o)
                0x0201879c                ada__text_io__line_length
                0x020187cc                ada__text_io__look_ahead
                0x02018f64                ada__text_io__read__2
                0x02019370                ada__text_io__set_input
                0x02019520                ada__text_io__set_page_length
                0x02019800                ada__text_io__skip_page__2
                0x02018728                ada__text_io__get_line__2
                0x02017bf4                ada__text_io__afcb_allocate__2
                0x02018dd8                ada__text_io__put_line
                0x02018b78                ada__text_io__page_length
                0x02017cfc                ada__text_io__create
                0x02017ccc                ada__text_io__col
                0x02017dec                ada__text_io__delete
                0x0201938c                ada__text_io__set_line
                0x02018758                ada__text_io__is_open
                0x020179f8                ada__text_io___size__2
                0x02019580                ada__text_io__skip_line
                0x020188d0                ada__text_io__new_line
                0x02018540                ada__text_io__get_immediate__4
                0x02019354                ada__text_io__set_error
                0x02018c34                ada__text_io__put__2
                0x02018444                ada__text_io__get_immediate__2
                0x0201983c                ada__text_io__standard_input__2
                0x02017988                ada__text_io___rep_to_pos
                0x0201876c                ada__text_io__line
                0x0201897c                ada__text_io__new_line__2
                0x02018784                ada__text_io__line__2
                0x0201806c                ada__text_io__flush__2
                0x02019848                ada__text_io__standard_output
                0x0201994c                ada__text_io__write__2
                0x02017cb8                ada__text_io__close
                0x02018aac                ada__text_io__open
                0x02019854                ada__text_io__standard_output__2
                0x02019a04                ada__text_io___elabb
                0x02019488                ada__text_io__set_line__2
                0x02019824                ada__text_io__standard_error__2
                0x02018da8                ada__text_io__put__4
                0x02017e00                ada__text_io__end_of_file
                0x02019860                ada__text_io__terminate_line
                0x02018a14                ada__text_io__nextc
                0x0201832c                ada__text_io__getc
                0x02019564                ada__text_io__set_page_length__2
                0x02017dd0                ada__text_io__current_output
                0x02018040                ada__text_io__end_of_page__2
                0x02017d98                ada__text_io__current_error
                0x0201888c                ada__text_io__mode
                0x020196f8                ada__text_io__skip_line__2
                0x02017a08                ada__text_io___elabs
                0x02017c40                ada__text_io__afcb_close__2
                0x020189fc                ada__text_io__new_page__2
                0x020181b0                ada__text_io__get__2
                0x02017f80                ada__text_io__end_of_page
                0x020198f4                ada__text_io__ungetc
                0x02017ce4                ada__text_io__col__2
                0x02018850                ada__text_io__look_ahead__2
                0x02018cd8                ada__text_io__put__3
                0x02017f68                ada__text_io__end_of_line__2
                0x0201845c                ada__text_io__get_immediate__3
                0x02018ee8                ada__text_io__put_line__2
                0x02019830                ada__text_io__standard_input
                0x02018390                ada__text_io__get_immediate
                0x02018058                ada__text_io__flush
                0x02019714                ada__text_io__skip_page
                0x02017ddc                ada__text_io__current_output__2
                0x02017db4                ada__text_io__current_input
                0x02019bc0                ada__text_io___init_proc
                0x02017da4                ada__text_io__current_error__2
                0x02019504                ada__text_io__set_output
                0x02018084                ada__text_io__form
                0x02019160                ada__text_io__reset__2
                0x020187b4                ada__text_io__line_length__2
                0x020188a0                ada__text_io__name
                0x020182fc                ada__text_io__get__4
                0x02018ba8                ada__text_io__put
                0x02019338                ada__text_io__set_col__2
                0x02017c98                ada__text_io__afcb_free__2
                0x02019818                ada__text_io__standard_error
                0x02018f18                ada__text_io__putc
                0x02017ef8                ada__text_io__end_of_file__2
                0x020190b0                ada__text_io__reset
                0x02017f10                ada__text_io__end_of_line
                0x02018b90                ada__text_io__page_length__2
                0x02017dc0                ada__text_io__current_input__2
                0x0201919c                ada__text_io__set_col
                0x020181c8                ada__text_io__get__3
                0x020194a4                ada__text_io__set_line_length
                0x020194e8                ada__text_io__set_line_length__2
                0x02018b60                ada__text_io__page__2
                0x02018998                ada__text_io__new_page
                0x020180b4                ada__text_io__get
                0x0201857c                ada__text_io__get_line
                0x02018b48                ada__text_io__page
 .text          0x02019c04      0x25c /usr/local/openravenscar/lib/gcc-lib/sparc-ork-elf/2.8.1/adalib/libgnat.a(g-except.o)
                0x02019d50                gnat__exceptions___deep_finalize
                0x02019c1c                gnat__exceptions___write
                0x02019c58                gnat__exceptions___output
                0x02019c78                gnat__exceptions___assign
                0x02019c24                gnat__exceptions___input
                0x02019d58                gnat__exceptions___elabs
                0x02019c14                gnat__exceptions___read
                0x02019c04                gnat__exceptions___size
                0x02019e50                gnat__exceptions___init_proc
                0x02019c70                gnat__exceptions__Oeq
                0x02019d48                gnat__exceptions___deep_adjust
 .text          0x02019e60      0x174 /usr/local/openravenscar/lib/gcc-lib/sparc-ork-elf/2.8.1/adalib/libgnat.a(g-hesora.o)
                0x02019f30                gnat__heap_sort_a__sort
 .text          0x02019fd4      0xc6c /usr/local/openravenscar/lib/gcc-lib/sparc-ork-elf/2.8.1/adalib/libgnat.a(i-c.o)
                0x0201a8e4                interfaces__c__to_c__4
                0x0201a424                interfaces__c__to_ada__6
                0x0201a038                interfaces__c__is_nul_terminated__2
                0x0201a088                interfaces__c__to_ada
                0x0201a090                interfaces__c__to_ada__2
                0x0201a54c                interfaces__c__to_c
                0x02019fec                interfaces__c__is_nul_terminated
                0x0201aa98                interfaces__c__to_c__6
                0x0201a1c4                interfaces__c__to_ada__3
                0x02019fd4                interfaces__c___elabs
                0x0201a74c                interfaces__c__to_c__3
                0x0201a2e4                interfaces__c__to_ada__5
                0x0201a8ec                interfaces__c__to_c__5
                0x0201a554                interfaces__c__to_c__2
                0x0201a2dc                interfaces__c__to_ada__4
 .text          0x0201ac40      0x110 /usr/local/openravenscar/lib/gcc-lib/sparc-ork-elf/2.8.1/adalib/libgnat.a(i-cstrea.o)
                0x0201ac40                interfaces__c_streams___elabs
                0x0201acc4                interfaces__c_streams__fread
                0x0201ad30                interfaces__c_streams__setvbuf
                0x0201ace4                interfaces__c_streams__fread__2
                0x0201ad10                interfaces__c_streams__fwrite
 .text          0x0201ad50     0x13b4 /usr/local/openravenscar/lib/gcc-lib/sparc-ork-elf/2.8.1/adalib/libgnat.a(s-arit64.o)
                0x0201ae8c                system__arith_64__hi
                0x0201b434                system__arith_64__scaled_divide
                0x0201b404                system__arith_64__raise_error
                0x0201ae04                system__arith_64__Odivide
                0x0201ad78                system__arith_64__Oadd__2
                0x0201c030                system__arith_64__subtract_with_ovflo_check
                0x0201ada8                system__arith_64__Omultiply
                0x0201ae9c                system__arith_64__lo
                0x0201add8                system__arith_64__Omultiply__2
                0x0201af10                system__arith_64__double_divide
                0x0201b200                system__arith_64__multiply_with_ovflo_check
                0x0201c0e4                system__arith_64__to_pos_int
                0x0201ad50                system__arith_64__Oadd
                0x0201ae5c                system__arith_64__Oconcat
                0x0201c0ac                system__arith_64__to_neg_int
                0x0201ae30                system__arith_64__Orem
                0x0201aea4                system__arith_64__add_with_ovflo_check
                0x0201ad90                system__arith_64__Osubtract
 .text          0x0201c104      0x16c /usr/local/openravenscar/lib/gcc-lib/sparc-ork-elf/2.8.1/adalib/libgnat.a(s-except.o)
                0x0201c128                system__exceptions___init_proc
                0x0201c104                system__exceptions___elabs
                0x0201c1d0                system__exceptions___init_proc__4
                0x0201c170                system__exceptions___init_proc__3
                0x0201c210                system__exceptions___init_proc__5
                0x0201c130                system__exceptions___init_proc__2
 .text          0x0201c270      0x54c /usr/local/openravenscar/lib/gcc-lib/sparc-ork-elf/2.8.1/adalib/libgnat.a(s-exctab.o)
                0x0201c584                system__exception_table__get_key
                0x0201c318                system__exception_table__exception_htable__get_nextXn
                0x0201c54c                system__exception_table__equal
                0x0201c4c4                system__exception_table__exception_htable__setXn
                0x0201c770                system__exception_table__exception_htable___init_procXn
                0x0201c270                system__exception_table__exception_htable__getXn
                0x0201c508                system__exception_table__get_ht_link
                0x0201c484                system__exception_table__exception_htable__resetXn
                0x0201c500                system__exception_table__set_ht_link
                0x0201c58c                system__exception_table__internal_exception
                0x0201c354                system__exception_table__exception_htable__get_non_nullXn
                0x0201c510                system__exception_table__hash
                0x0201c2e4                system__exception_table__exception_htable__get_firstXn
                0x0201c6c0                system__exception_table___elabb
                0x0201c6ac                system__exception_table__register_exception
                0x0201c3cc                system__exception_table__exception_htable__removeXn
 .text          0x0201c7bc      0x1c4 /usr/local/openravenscar/lib/gcc-lib/sparc-ork-elf/2.8.1/adalib/libgnat.a(s-exnflt.o)
                0x0201c7bc                system__exn_flt__exn_float
 .text          0x0201c980      0xb2c /usr/local/openravenscar/lib/gcc-lib/sparc-ork-elf/2.8.1/adalib/libgnat.a(s-fatflt.o)
                0x0201d334                system__fat_flt__fat_float__truncation
                0x0201cac4                system__fat_flt__fat_float__decompose
                0x0201ce58                system__fat_flt__fat_float__model
                0x0201cd60                system__fat_flt__fat_float__floor
                0x0201ce6c                system__fat_flt__fat_float__pred
                0x0201d134                system__fat_flt__fat_float__scaling
                0x0201cde8                system__fat_flt__fat_float__leading_part
                0x0201d3e4                system__fat_flt__fat_float__unbiased_rounding
                0x0201c9d8                system__fat_flt__fat_float__ceiling
                0x0201ca38                system__fat_flt__fat_float__compose
                0x0201cd38                system__fat_flt__fat_float__exponent
                0x0201cdc0                system__fat_flt__fat_float__fraction
                0x0201ccb0                system__fat_flt__fat_float__gradual_scaling
                0x0201cf24                system__fat_flt__fat_float__remainder
                0x0201d0ac                system__fat_flt__fat_float__rounding
                0x0201c980                system__fat_flt__fat_float__adjacent
                0x0201d24c                system__fat_flt__fat_float__succ
                0x0201d48c                system__fat_flt__fat_float__valid
                0x0201ca68                system__fat_flt__fat_float__copy_sign
                0x0201ce44                system__fat_flt__fat_float__machine
 .text          0x0201d4ac      0x1d4 /usr/local/openravenscar/lib/gcc-lib/sparc-ork-elf/2.8.1/adalib/libgnat.a(s-ficobl.o)
                0x0201d64c                system__file_control_block___init_proc
                0x0201d4bc                system__file_control_block___elabs
                0x0201d4ac                system__file_control_block___size
 .text          0x0201d680     0x2084 /usr/local/openravenscar/lib/gcc-lib/sparc-ork-elf/2.8.1/adalib/libgnat.a(s-fileio.o)
                0x0201dab8                system__file_io__check_file_open
                0x0201f36c                system__file_io__make_unbuffered
                0x0201dff0                system__file_io__flush
                0x0201f6f4                system__file_io___init_proc__2
                0x0201e518                system__file_io__mode
                0x0201f390                system__file_io__make_line_buffered
                0x0201f104                system__file_io__read_buf__2
                0x0201da8c                system__file_io___deep_finalize__2
                0x0201de30                system__file_io__delete
                0x0201e104                system__file_io__form
                0x0201d898                system__file_io___assign__2
                0x0201df88                system__file_io__finalize__2
                0x0201f184                system__file_io__reset
                0x0201df20                system__file_io__end_of_file
                0x0201dc48                system__file_io__close
                0x0201f3d8                system__file_io___elabb
                0x0201da64                system__file_io___deep_adjust__2
                0x0201d868                system__file_io___output__2
                0x0201e038                system__file_io__fopen_mode
                0x0201e554                system__file_io__name
                0x0201e50c                system__file_io__is_open
                0x0201f2e8                system__file_io__write_buf
                0x0201e398                system__file_io__form_parameter
                0x0201dbdc                system__file_io__check_write_status
                0x0201d6f8                system__file_io___input__2
                0x0201e288                system__file_io__form_integer
                0x0201d690                system__file_io___read__2
                0x0201e624                system__file_io__open
                0x0201db48                system__file_io__chain_file
                0x0201d680                system__file_io___size__2
                0x0201d6a8                system__file_io___write__2
                0x0201d880                system__file_io__Oeq
                0x0201f6b8                system__file_io___init_proc
                0x0201e1d4                system__file_io__form_boolean
                0x0201f164                system__file_io__reset__2
                0x0201daf0                system__file_io__append_set
                0x0201f3b4                system__file_io__make_buffered
                0x0201f048                system__file_io__read_buf
                0x0201db70                system__file_io__check_read_status
 .text          0x0201f704     0x13dc /usr/local/openravenscar/lib/gcc-lib/sparc-ork-elf/2.8.1/adalib/libgnat.a(s-finimp.o)
                0x02020924                system__finalization_implementation__deep_tag_attach
                0x0201f930                system__finalization_implementation___read__2
                0x0201ff84                system__finalization_implementation__detach_from_final_list
                0x0201f7c8                system__finalization_implementation___output
                0x020203e0                system__finalization_implementation__finalize_list
                0x0201f9fc                system__finalization_implementation__Oeq__2
                0x02020ab0                system__finalization_implementation___init_proc__2
                0x0201f828                system__finalization_implementation___assign
                0x020209dc                system__finalization_implementation__initialize__2
                0x0201fde8                system__finalization_implementation__attach_to_final_list
                0x02020788                system__finalization_implementation__deep_tag_adjust
                0x0201fa44                system__finalization_implementation___assign__2
                0x0201f7e0                system__finalization_implementation__Oeq
                0x0201f770                system__finalization_implementation___input
                0x0201f74c                system__finalization_implementation___write
                0x02020698                system__finalization_implementation__deep_tag_initialize
                0x020209d4                system__finalization_implementation__initialize
                0x02020a8c                system__finalization_implementation___init_proc
                0x0201f954                system__finalization_implementation___write__2
                0x0201fb44                system__finalization_implementation___elabs
                0x0201f9e4                system__finalization_implementation___output__2
                0x0201f978                system__finalization_implementation___input__2
                0x0201f714                system__finalization_implementation___read
                0x0202054c                system__finalization_implementation__finalize_one
                0x02020854                system__finalization_implementation__deep_tag_finalize
                0x02020524                system__finalization_implementation__finalize_global_list
                0x02020a78                system__finalization_implementation__finalize
                0x0201f920                system__finalization_implementation___size__2
                0x02020a44                system__finalization_implementation__adjust__2
                0x0201f704                system__finalization_implementation___size
 .text          0x02020ae0      0x658 /usr/local/openravenscar/lib/gcc-lib/sparc-ork-elf/2.8.1/adalib/libgnat.a(s-finroo.o)
                0x02020ae0                system__finalization_root___size
                0x02021114                system__finalization_root___init_proc__2
                0x02020af0                system__finalization_root___read
                0x02020e28                system__finalization_root___elabs
                0x02020ce0                system__finalization_root__Oeq__2
                0x02020c70                system__finalization_root___input__2
                0x02020af8                system__finalization_root___write
                0x02020b08                system__finalization_root___assign
                0x020210d4                system__finalization_root__finalize
                0x02020cc8                system__finalization_root___output__2
                0x02021074                system__finalization_root__initialize
                0x02020b00                system__finalization_root__Oeq
                0x02020be8                system__finalization_root___read__2
                0x02020c40                system__finalization_root___write__2
                0x02020bd8                system__finalization_root___size__2
                0x020210a4                system__finalization_root__adjust
                0x02020d38                system__finalization_root___assign__2
                0x02021104                system__finalization_root___init_proc
 .text          0x02021138      0x1b4 /usr/local/openravenscar/lib/gcc-lib/sparc-ork-elf/2.8.1/adalib/libgnat.a(s-imgint.o)
                0x02021274                system__img_int__set_image_integer
                0x02021138                system__img_int__image_integer
 .text          0x020212ec      0xbc8 /usr/local/openravenscar/lib/gcc-lib/sparc-ork-elf/2.8.1/adalib/libgnat.a(s-imgrea.o)
                0x020212ec                system__img_real__image_ordinary_fixed_point
                0x020219d8                system__img_real__set_image_real
                0x020213c0                system__img_real__image_floating_point
 .text          0x02021eb4      0x160 /usr/local/openravenscar/lib/gcc-lib/sparc-ork-elf/2.8.1/adalib/libgnat.a(s-imguns.o)
                0x02021eb4                system__img_uns__image_unsigned
                0x02021fd4                system__img_uns__set_image_unsigned
 .text          0x02022014       0x40 /usr/local/openravenscar/lib/gcc-lib/sparc-ork-elf/2.8.1/adalib/libgnat.a(s-mastop.o)
                0x0202202c                system__machine_state_operations__get_code_loc
                0x02022014                system__machine_state_operations__allocate_machine_state
                0x0202204c                system__machine_state_operations__set_signal_machine_state
                0x02022024                system__machine_state_operations__free_machine_state
                0x02022034                system__machine_state_operations__machine_state_length
                0x0202201c                system__machine_state_operations__enter_handler
                0x02022044                system__machine_state_operations__set_machine_state
                0x0202203c                system__machine_state_operations__pop_frame
 .text          0x02022054       0x50 /usr/local/openravenscar/lib/gcc-lib/sparc-ork-elf/2.8.1/adalib/libgnat.a(s-parame.o)
                0x0202205c                system__parameters__minimum_stack_size
                0x02022064                system__parameters__adjust_storage_size
                0x02022054                system__parameters__default_stack_size
 .text          0x020220a4      0x314 /usr/local/openravenscar/lib/gcc-lib/sparc-ork-elf/2.8.1/adalib/libgnat.a(s-secsta.o)
                0x020223b0                system__secondary_stack___init_proc__2
                0x02022354                system__secondary_stack___elabb
                0x020220a4                system__secondary_stack__ss_allocate
                0x02022298                system__secondary_stack__ss_free
                0x02022334                system__secondary_stack__ss_release
                0x02022314                system__secondary_stack__ss_mark
                0x0202239c                system__secondary_stack___init_proc
                0x02022234                system__secondary_stack__ss_init
 .text          0x020223b8      0x1fc /usr/local/openravenscar/lib/gcc-lib/sparc-ork-elf/2.8.1/adalib/libgnat.a(s-sopco3.o)
                0x020223b8                system__string_ops_concat_3__str_concat_3
 .text          0x020225b4      0x1e4 /usr/local/openravenscar/lib/gcc-lib/sparc-ork-elf/2.8.1/adalib/libgnat.a(s-stache.o)
                0x020225b4                system__stack_checking___elabs
                0x020225cc                _gnat_stack_check
                0x02022750                system__stack_checking__set_stack_size
                0x02022788                system__stack_checking___init_proc
                0x02022658                system__stack_checking__invalidate_stack_cache
                0x02022778                system__stack_checking__update_stack_cache
 .text          0x02022798       0x28 /usr/local/openravenscar/lib/gcc-lib/sparc-ork-elf/2.8.1/adalib/libgnat.a(s-stalib.o)
                0x02022798                system__standard_library__abort_undefer_direct
                0x020227b4                system__standard_library___init_proc
 .text          0x020227c0       0x64 /usr/local/openravenscar/lib/gcc-lib/sparc-ork-elf/2.8.1/adalib/libgnat.a(s-stoele.o)
                0x020227e0                system__storage_elements__Omod
                0x02022814                system__storage_elements__to_address
                0x020227c8                system__storage_elements__Oadd__2
                0x020227d0                system__storage_elements__Osubtract
                0x020227c0                system__storage_elements__Oadd
                0x0202281c                system__storage_elements__to_integer
                0x020227d8                system__storage_elements__Osubtract__2
 .text          0x02022824     0x102c /usr/local/openravenscar/lib/gcc-lib/sparc-ork-elf/2.8.1/adalib/libgnat.a(s-stratt.o)
                0x02022f3c                system__stream_attributes__i_si
                0x020231f4                system__stream_attributes__w_ad
                0x0202292c                system__stream_attributes__i_b
                0x020232e8                system__stream_attributes__w_c
                0x02022b04                system__stream_attributes__i_lf
                0x02022eb4                system__stream_attributes__i_sf
                0x02023770                system__stream_attributes__w_su
                0x02022990                system__stream_attributes__i_c
                0x02022c34                system__stream_attributes__i_llf
                0x0202307c                system__stream_attributes__i_su
                0x02022d84                system__stream_attributes__i_llu
                0x0202366c                system__stream_attributes__w_sf
                0x020230f4                system__stream_attributes__i_u
                0x0202380c                system__stream_attributes__w_wc
                0x02022824                system__stream_attributes__i_ad
                0x020237b4                system__stream_attributes__w_u
                0x02023614                system__stream_attributes__w_lu
                0x020232b4                system__stream_attributes__w_b
                0x0202351c                system__stream_attributes__w_lli
                0x02023018                system__stream_attributes__i_ssu
                0x02022bac                system__stream_attributes__i_li
                0x02023708                system__stream_attributes__w_ssi
                0x020236c4                system__stream_attributes__w_si
                0x020233cc                system__stream_attributes__w_lf
                0x02022fb4                system__stream_attributes__i_ssi
                0x020229f4                system__stream_attributes__i_f
                0x02023448                system__stream_attributes__w_li
                0x02023264                system__stream_attributes__w_as
                0x02023374                system__stream_attributes__w_i
                0x02022a7c                system__stream_attributes__i_i
                0x02022cdc                system__stream_attributes__i_lli
                0x0202317c                system__stream_attributes__i_wc
                0x020234a0                system__stream_attributes__w_llf
                0x0202373c                system__stream_attributes__w_ssu
                0x0202289c                system__stream_attributes__i_as
                0x0202331c                system__stream_attributes__w_f
                0x02023598                system__stream_attributes__w_llu
                0x02022e2c                system__stream_attributes__i_lu
 .text          0x02023850      0x5b8 /usr/local/openravenscar/lib/gcc-lib/sparc-ork-elf/2.8.1/adalib/libgnat.a(s-strops.o)
                0x02023c74                system__string_ops__str_equal
                0x02023b4c                system__string_ops__str_concat_sc
                0x02023d84                system__string_ops__str_normalize
                0x02023850                system__string_ops__str_concat
                0x02023a70                system__string_ops__str_concat_cs
                0x02023dc4                system__string_ops__wide_str_normalize
                0x02023a10                system__string_ops__str_concat_cc
 .text          0x02023e08      0x298 /usr/local/openravenscar/lib/gcc-lib/sparc-ork-elf/2.8.1/adalib/libgnat.a(s-soflin.o)
                0x02023f6c                system__soft_links__set_jmpbuf_address_soft
                0x02023ed8                system__soft_links__get_stack_info_nt
                0x02024034                system__soft_links___elabb
                0x02023ecc                system__soft_links__get_current_excep_nt
                0x02023fdc                system__soft_links__set_exc_stack_addr_soft
                0x02023e08                system__soft_links__abort_defer_nt
                0x02023e3c                system__soft_links__check_abort_status_nt
                0x02023e84                system__soft_links__get_sec_stack_addr_nt
                0x02023e78                system__soft_links__set_jmpbuf_address_nt
                0x02023e5c                system__soft_links__task_lock_nt
                0x02024018                system__soft_links__set_machine_state_addr_soft
                0x02023e4c                system__soft_links__current_master_nt
                0x02023e10                system__soft_links__abort_handler_nt
                0x02023f08                system__soft_links__destroy_tsd
                0x02023fc0                system__soft_links__get_exc_stack_addr_soft
                0x02023e6c                system__soft_links__get_jmpbuf_address_nt
                0x02023e18                system__soft_links__abort_undefer_nt
                0x02023ee4                system__soft_links__create_tsd
                0x02023ea8                system__soft_links__set_machine_state_addr_nt
                0x02023e90                system__soft_links__set_sec_stack_addr_nt
                0x02023e20                system__soft_links__update_exception_nt
                0x02023ec0                system__soft_links__set_exc_stack_addr_nt
                0x02024074                system__soft_links___init_proc
                0x02023f50                system__soft_links__get_jmpbuf_address_soft
                0x02023e54                system__soft_links__enter_master_nt
                0x02023ffc                system__soft_links__get_machine_state_addr_soft
                0x02023fa4                system__soft_links__set_sec_stack_addr_soft
                0x02023e64                system__soft_links__task_unlock_nt
                0x02023f2c                system__soft_links__get_gnat_exception
                0x02023f88                system__soft_links__get_sec_stack_addr_soft
                0x02023e44                system__soft_links__complete_master_nt
                0x02023e9c                system__soft_links__get_machine_state_addr_nt
                0x02023eb4                system__soft_links__get_exc_stack_addr_nt
 .text          0x020240a0       0x68 /usr/local/openravenscar/lib/gcc-lib/sparc-ork-elf/2.8.1/adalib/libgnat.a(s-traceb.o)
                0x020240b4                system__traceback__get_code_loc
                0x020240dc                system__traceback__pop_frame
                0x020240c8                system__traceback__free_machine_state
                0x020240a0                system__traceback__allocate_machine_state
                0x020240f4                system__traceback__set_machine_state
 .text          0x02024108      0x894 /usr/local/openravenscar/lib/gcc-lib/sparc-ork-elf/2.8.1/adalib/libgnat.a(a-adaint.o)
                0x02024298                get_object_suffix_ptr
                0x02024244                Get_Default_Identifier_Character_Set
                0x0202422c                Get_Maximum_File_Name_Length
                0x0202423c                Get_File_Names_Case_Sensitive
                0x020244b4                file_time_name
                0x02024254                Get_Pathsep_Char
                0x02024334                open_read
                0x0202424c                Get_Dirsep_Char
                0x0202454c                is_regular_file
                0x02024234                Get_Switch_Character
                0x02024700                locate_regular_file
                0x02024950                to_canonical_file_list_next
                0x0202497c                to_host_dir_spec
                0x0202452c                __gnat_file_exists
                0x02024420                __gnat_mkdir
                0x02024974                to_canonical_path_spec
                0x020245cc                is_writable_file
                0x020243f8                open_new_temp
                0x02024600                portable_spawn
                0x02024964                to_canonical_dir_spec
                0x020244ec                get_env_value_ptr
                0x020244d0                file_time_fd
                0x020244ac                readdir_is_thread_safe
                0x020243d0                open_new
                0x02024108                to_gm_time
                0x0202417c                Try_Lock
                0x0202496c                to_canonical_file_spec
                0x020246bc                portable_wait
                0x02024948                to_canonical_file_list_init
                0x02024994                convert_addresses
                0x020242cc                get_executable_suffix_ptr
                0x0202458c                is_directory
                0x020243a8                open_append
                0x02024380                open_create
                0x02024358                open_rw
                0x02024438                file_length
                0x02024478                readdir_gnat
                0x0202498c                adjust_os_resource_limits
                0x0202488c                locate_exec
                0x0202467c                portable_no_block_spawn
                0x020246ec                os_exit
                0x02024520                Get_Libraries_From_Registry
                0x0202495c                to_canonical_file_list_free
                0x0202425c                Get_Current_Dir
                0x02024984                to_host_file_spec
                0x02024900                locate_exec_on_path
                0x02024300                get_debuggable_suffix_ptr
 .text          0x0202499c       0xfc /usr/local/openravenscar/lib/gcc-lib/sparc-ork-elf/2.8.1/adalib/libgnat.a(a-argv.o)
                0x02024a64                fill_env
                0x02024a08                env_count
                0x02024a44                len_env
                0x0202499c                arg_count
                0x020249a8                gnat_argval
                0x020249d4                fill_arg
                0x020249b4                len_arg
 .text          0x02024a98      0x14c /usr/local/openravenscar/lib/gcc-lib/sparc-ork-elf/2.8.1/adalib/libgnat.a(a-cio.o)
                0x02024ab8                put_int
                0x02024ad4                get_char
                0x02024a98                get_int
                0x02024bc4                put_char_stderr
                0x02024b24                put_char
 .text          0x02024be4      0x10c /usr/local/openravenscar/lib/gcc-lib/sparc-ork-elf/2.8.1/adalib/libgnat.a(a-cstrea.o)
                0x02024c04                fileno__
                0x02024c88                full_name
                0x02024c18                is_regular_file_fd
                0x02024c58                c_constant_stderr
                0x02024be4                feof__
                0x02024c68                c_constant_stdin
                0x02024bf4                ferror__
                0x02024c78                c_constant_stdout
 .text          0x02024cf0        0xc /usr/local/openravenscar/lib/gcc-lib/sparc-ork-elf/2.8.1/adalib/libgnat.a(a-exit.o)
                0x02024cf0                set_gnat_exit_status
 .text          0x02024cfc      0x1f4 /usr/local/openravenscar/lib/gcc-lib/sparc-ork-elf/2.8.1/adalib/libgnat.a(a-raise.o)
                0x02024cfc                _gnat_builtin_longjmp
                0x02024d54                __gnat_malloc
                0x02024e0c                __gnat_free
                0x02024d3c                __gnat_unhandled_terminate
                0x02024e48                __gnat_realloc
 .text          0x02024ef0       0xac /usr/local/openravenscar/lib/gcc-lib/sparc-ork-elf/2.8.1/adalib/libgnat.a(a-sysdep.o)
                0x02024ef8                set_text_mode
                0x02024f00                getc_immediate
                0x02024f24                getc_immediate_nowait
                0x02024f84                __gnat_localtime_r
                0x02024ef0                set_binary_mode
                0x02024f48                getc_immediate_common
 .text          0x02024f9c      0x410 /usr/local/openravenscar/lib/gcc-lib/sparc-ork-elf/2.8.1/adalib/libgnat.a(a-init.o)
                0x02025190                __gnat_pop_frame
                0x020253a4                __gnat_init_float
                0x02024f9c                __gnat_set_globals
                0x0202539c                __gnat_get_code_loc
                0x02024ff4                __gnat_initialize
                0x020252e0                __gnat_enter_handler
                0x02025394                __gnat_machine_state_length
                0x02025234                __gnat_set_machine_state
 .text          0x020253ac        0x8 /usr/local/openravenscar/lib/gcc-lib/sparc-ork-elf/2.8.1/adalib/libgnat.a(a-final.o)
                0x020253ac                __gnat_finalize
 .text          0x020253b4      0xc1c /usr/local/openravenscar/lib/gcc-lib/sparc-ork-elf/2.8.1/adalib/libgnat.a(s-fatllf.o)
                0x020254b8                system__fat_llf__fat_long_long_float__copy_sign
                0x02025728                system__fat_llf__fat_long_long_float__gradual_scaling
                0x02025efc                system__fat_llf__fat_long_long_float__unbiased_rounding
                0x020257c0                system__fat_llf__fat_long_long_float__exponent
                0x02025484                system__fat_llf__fat_long_long_float__compose
                0x020257ec                system__fat_llf__fat_long_long_float__floor
                0x020253b4                system__fat_llf__fat_long_long_float__adjacent
                0x02025918                system__fat_llf__fat_long_long_float__pred
                0x02025858                system__fat_llf__fat_long_long_float__fraction
                0x020259d8                system__fat_llf__fat_long_long_float__remainder
                0x02025c20                system__fat_llf__fat_long_long_float__scaling
                0x02025418                system__fat_llf__fat_long_long_float__ceiling
                0x0202551c                system__fat_llf__fat_long_long_float__decompose
                0x02025d48                system__fat_llf__fat_long_long_float__succ
                0x02025884                system__fat_llf__fat_long_long_float__leading_part
                0x02025b88                system__fat_llf__fat_long_long_float__rounding
                0x02025900                system__fat_llf__fat_long_long_float__model
                0x02025fa8                system__fat_llf__fat_long_long_float__valid
                0x02025e38                system__fat_llf__fat_long_long_float__truncation
                0x020258ec                system__fat_llf__fat_long_long_float__machine
 .text          0x02025fd0      0x18c /usr/local/openravenscar/lib/gcc-lib/sparc-ork-elf/2.8.1/adalib/libgnat.a(s-imgllu.o)
                0x02025fd0                system__img_llu__image_long_long_unsigned
                0x02026118                system__img_llu__set_image_long_long_unsigned
 .text          0x0202615c      0x294 /usr/local/openravenscar/sparc-ork-elf/lib/libm.a(s_atan.o)
                0x0202615c                atan
 .text          0x020263f0       0xf0 /usr/local/openravenscar/sparc-ork-elf/lib/libm.a(s_cos.o)
                0x020263f0                cos
 .text          0x020264e0       0x2c /usr/local/openravenscar/sparc-ork-elf/lib/libm.a(s_fabs.o)
                0x020264e0                fabs
 .text          0x0202650c       0xf0 /usr/local/openravenscar/sparc-ork-elf/lib/libm.a(s_sin.o)
                0x0202650c                sin
 .text          0x020265fc       0x9c /usr/local/openravenscar/sparc-ork-elf/lib/libm.a(s_tan.o)
                0x020265fc                tan
 .text          0x02026698      0x134 /usr/local/openravenscar/sparc-ork-elf/lib/libm.a(s_tanh.o)
                0x02026698                tanh
 .text          0x020267cc       0xf8 /usr/local/openravenscar/sparc-ork-elf/lib/libm.a(w_acos.o)
                0x020267cc                acos
 .text          0x020268c4       0xf8 /usr/local/openravenscar/sparc-ork-elf/lib/libm.a(w_asin.o)
                0x020268c4                asin
 .text          0x020269bc      0x1c0 /usr/local/openravenscar/sparc-ork-elf/lib/libm.a(w_exp.o)
                0x020269bc                exp
 .text          0x02026b7c      0x184 /usr/local/openravenscar/sparc-ork-elf/lib/libm.a(w_log.o)
                0x02026b7c                log
 .text          0x02026d00      0x60c /usr/local/openravenscar/sparc-ork-elf/lib/libm.a(w_pow.o)
                0x02026d00                pow
 .text          0x0202730c      0x118 /usr/local/openravenscar/sparc-ork-elf/lib/libm.a(w_sqrt.o)
                0x0202730c                sqrt
 .text          0x02027424      0x3ac /usr/local/openravenscar/sparc-ork-elf/lib/libm.a(e_acos.o)
                0x02027424                __ieee754_acos
 .text          0x020277d0      0x340 /usr/local/openravenscar/sparc-ork-elf/lib/libm.a(e_asin.o)
                0x020277d0                __ieee754_asin
 .text          0x02027b10      0x2f0 /usr/local/openravenscar/sparc-ork-elf/lib/libm.a(e_exp.o)
                0x02027b10                __ieee754_exp
 .text          0x02027e00      0x310 /usr/local/openravenscar/sparc-ork-elf/lib/libm.a(e_log.o)
                0x02027e00                __ieee754_log
 .text          0x02028110      0x99c /usr/local/openravenscar/sparc-ork-elf/lib/libm.a(e_pow.o)
                0x02028110                __ieee754_pow
 .text          0x02028aac      0x3d8 /usr/local/openravenscar/sparc-ork-elf/lib/libm.a(e_rem_pio2.o)
                0x02028aac                __ieee754_rem_pio2
 .text          0x02028e84      0x264 /usr/local/openravenscar/sparc-ork-elf/lib/libm.a(e_sqrt.o)
                0x02028e84                __ieee754_sqrt
 .text          0x020290e8      0x17c /usr/local/openravenscar/sparc-ork-elf/lib/libm.a(k_cos.o)
                0x020290e8                __kernel_cos
 .text          0x02029264      0x838 /usr/local/openravenscar/sparc-ork-elf/lib/libm.a(k_rem_pio2.o)
                0x02029264                __kernel_rem_pio2
 .text          0x02029a9c      0x11c /usr/local/openravenscar/sparc-ork-elf/lib/libm.a(k_sin.o)
                0x02029a9c                __kernel_sin
 .text          0x02029bb8      0x2b4 /usr/local/openravenscar/sparc-ork-elf/lib/libm.a(k_tan.o)
                0x02029bb8                __kernel_tan
 .text          0x02029e6c      0x40c /usr/local/openravenscar/sparc-ork-elf/lib/libm.a(s_expm1.o)
                0x02029e6c                expm1
 .text          0x0202a278       0x18 /usr/local/openravenscar/sparc-ork-elf/lib/libm.a(s_finite.o)
                0x0202a278                finite
 .text          0x0202a290      0x1a0 /usr/local/openravenscar/sparc-ork-elf/lib/libm.a(s_floor.o)
                0x0202a290                floor
 .text          0x0202a430       0x28 /usr/local/openravenscar/sparc-ork-elf/lib/libm.a(s_isnan.o)
                0x0202a430                isnan
 .text          0x0202a458        0x8 /usr/local/openravenscar/sparc-ork-elf/lib/libm.a(s_matherr.o)
                0x0202a458                matherr
 .text          0x0202a460      0x1c8 /usr/local/openravenscar/sparc-ork-elf/lib/libm.a(s_rint.o)
                0x0202a460                rint
 .text          0x0202a628      0x1d8 /usr/local/openravenscar/sparc-ork-elf/lib/libm.a(s_scalbn.o)
                0x0202a628                scalbn
 .text          0x0202a800       0x40 /usr/local/openravenscar/sparc-ork-elf/lib/libm.a(s_copysign.o)
                0x0202a800                copysign
 .text          0x0202a840        0x8 /usr/local/openravenscar/lib/gcc-lib/sparc-ork-elf/2.8.1/libgcc.a(__dummy.o)
                0x0202a840                __dummy
 .text          0x0202a848       0x48 /usr/local/openravenscar/lib/gcc-lib/sparc-ork-elf/2.8.1/libgcc.a(_ashldi3.o)
                0x0202a848                __ashldi3
 .text          0x0202a890       0x38 /usr/local/openravenscar/lib/gcc-lib/sparc-ork-elf/2.8.1/libgcc.a(_cmpdi2.o)
                0x0202a890                __cmpdi2
 .text          0x0202a8c8      0x3c0 /usr/local/openravenscar/lib/gcc-lib/sparc-ork-elf/2.8.1/libgcc.a(_divdi3.o)
                0x0202a8c8                __divdi3
 .text          0x0202ac88      0x1f4 /usr/local/openravenscar/lib/gcc-lib/sparc-ork-elf/2.8.1/libgcc.a(_divsi3.o)
                0x0202ac88                udiv
                0x0202ac94                div
 .text          0x0202ae7c       0x5c /usr/local/openravenscar/lib/gcc-lib/sparc-ork-elf/2.8.1/libgcc.a(_fixdfdi.o)
                0x0202ae7c                __fixdfdi
 .text          0x0202aed8       0x58 /usr/local/openravenscar/lib/gcc-lib/sparc-ork-elf/2.8.1/libgcc.a(_fixsfdi.o)
                0x0202aed8                __fixsfdi
 .text          0x0202af30      0x1c0 /usr/local/openravenscar/lib/gcc-lib/sparc-ork-elf/2.8.1/libgcc.a(_fixunsdfdi.o)
                0x0202af30                __fixunsdfdi
 .text          0x0202b0f0      0x1c8 /usr/local/openravenscar/lib/gcc-lib/sparc-ork-elf/2.8.1/libgcc.a(_fixunssfdi.o)
                0x0202b0f0                __fixunssfdi
 .text          0x0202b2b8       0x54 /usr/local/openravenscar/lib/gcc-lib/sparc-ork-elf/2.8.1/libgcc.a(_floatdidf.o)
                0x0202b2b8                __floatdidf
 .text          0x0202b30c       0xa8 /usr/local/openravenscar/lib/gcc-lib/sparc-ork-elf/2.8.1/libgcc.a(_floatdisf.o)
                0x0202b30c                __floatdisf
 .text          0x0202b3b4       0x48 /usr/local/openravenscar/lib/gcc-lib/sparc-ork-elf/2.8.1/libgcc.a(_lshrdi3.o)
                0x0202b3b4                __lshrdi3
 .text          0x0202b3fc      0x1f4 /usr/local/openravenscar/lib/gcc-lib/sparc-ork-elf/2.8.1/libgcc.a(_modsi3.o)
                0x0202b3fc                urem
                0x0202b408                rem
 .text          0x0202b5f0       0xe0 /usr/local/openravenscar/lib/gcc-lib/sparc-ork-elf/2.8.1/libgcc.a(_muldi3.o)
                0x0202b5f0                __muldi3
 .text          0x0202b6d0       0xe8 /usr/local/openravenscar/lib/gcc-lib/sparc-ork-elf/2.8.1/libgcc.a(_mulsi3.o)
                0x0202b6d0                umul
 .text          0x0202b7b8      0x340 /usr/local/openravenscar/lib/gcc-lib/sparc-ork-elf/2.8.1/libgcc.a(_udivdi3.o)
                0x0202b7b8                __udivdi3
 .text          0x0202baf8      0x39c /usr/local/openravenscar/lib/gcc-lib/sparc-ork-elf/2.8.1/libgcc.a(_umoddi3.o)
                0x0202baf8                __umoddi3
 .text          0x0202be94      0xa48 /usr/local/openravenscar/lib/gcc-lib/sparc-ork-elf/2.8.1/libgcc.a(frame.o)
                0x0202c7b8                __frame_state_for
                0x0202c750                __deregister_frame_info
                0x0202c728                __register_frame_info_table
                0x0202c700                __register_frame_info
 .text          0x0202c8dc       0x20 /usr/local/openravenscar/sparc-ork-elf/lib/libc.a(abort.o)
                0x0202c8dc                abort
 .text          0x0202c8fc       0x1c /usr/local/openravenscar/sparc-ork-elf/lib/libc.a(atoi.o)
                0x0202c8fc                atoi
 .text          0x0202c918       0x10 /usr/local/openravenscar/sparc-ork-elf/lib/libc.a(clearerr.o)
                0x0202c918                clearerr
 .text          0x0202c928        0xc /usr/local/openravenscar/sparc-ork-elf/lib/libc.a(errno.o)
                0x0202c928                __errno
 .text          0x0202c934       0x8c /usr/local/openravenscar/sparc-ork-elf/lib/libc.a(exit.o)
                0x0202c934                exit
 .text          0x0202c9c0      0x110 /usr/local/openravenscar/sparc-ork-elf/lib/libc.a(fclose.o)
                0x0202c9c0                fclose
 .text          0x0202cad0       0xf0 /usr/local/openravenscar/sparc-ork-elf/lib/libc.a(fflush.o)
                0x0202cad0                fflush
 .text          0x0202cbc0       0x44 /usr/local/openravenscar/sparc-ork-elf/lib/libc.a(fgetc.o)
                0x0202cbc0                fgetc
 .text          0x0202cc04       0x48 /usr/local/openravenscar/sparc-ork-elf/lib/libc.a(fileno.o)
                0x0202cc04                fileno
 .text          0x0202cc4c      0x228 /usr/local/openravenscar/sparc-ork-elf/lib/libc.a(findfp.o)
                0x0202ce04                __sinit
                0x0202cca8                __sfmoreglue
                0x0202cdec                _cleanup
                0x0202cdd0                _cleanup_r
                0x0202cd00                __sfp
 .text          0x0202ce74       0xd8 /usr/local/openravenscar/sparc-ork-elf/lib/libc.a(fopen.o)
                0x0202cf2c                fopen
                0x0202ce74                _fopen_r
 .text          0x0202cf4c       0x90 /usr/local/openravenscar/sparc-ork-elf/lib/libc.a(fputc.o)
                0x0202cf4c                fputc
 .text          0x0202cfdc       0xcc /usr/local/openravenscar/sparc-ork-elf/lib/libc.a(fread.o)